Archive member included to satisfy reference by file (symbol)

c:/ac6/systemworkbench/plugins/fr.ac6.mcu.externaltools.arm-none.win32_1.7.0.201602121829/tools/compiler/bin/../lib/gcc/arm-none-eabi/5.2.1/armv7e-m/fpu\libgcc.a(_arm_addsubdf3.o)
                              Application/User/main.o (__aeabi_dadd)
c:/ac6/systemworkbench/plugins/fr.ac6.mcu.externaltools.arm-none.win32_1.7.0.201602121829/tools/compiler/bin/../lib/gcc/arm-none-eabi/5.2.1/armv7e-m/fpu\libgcc.a(_arm_muldivdf3.o)
                              Application/User/main.o (__aeabi_dmul)
c:/ac6/systemworkbench/plugins/fr.ac6.mcu.externaltools.arm-none.win32_1.7.0.201602121829/tools/compiler/bin/../lib/gcc/arm-none-eabi/5.2.1/armv7e-m/fpu\libgcc.a(_arm_fixunsdfsi.o)
                              Application/User/main.o (__aeabi_d2uiz)
c:/ac6/systemworkbench/plugins/fr.ac6.mcu.externaltools.arm-none.win32_1.7.0.201602121829/tools/compiler/bin/../lib/gcc/arm-none-eabi/5.2.1/armv7e-m/fpu\libgcc.a(_arm_truncdfsf2.o)
                              Application/User/main.o (__aeabi_d2f)
c:/ac6/systemworkbench/plugins/fr.ac6.mcu.externaltools.arm-none.win32_1.7.0.201602121829/tools/compiler/bin/../lib/gcc/arm-none-eabi/5.2.1/../../../../arm-none-eabi/lib/armv7e-m/fpu\libc_nano.a(lib_a-exit.o)
                              c:/ac6/systemworkbench/plugins/fr.ac6.mcu.externaltools.arm-none.win32_1.7.0.201602121829/tools/compiler/bin/../lib/gcc/arm-none-eabi/5.2.1/../../../../arm-none-eabi/lib/armv7e-m/fpu/crt0.o (exit)
c:/ac6/systemworkbench/plugins/fr.ac6.mcu.externaltools.arm-none.win32_1.7.0.201602121829/tools/compiler/bin/../lib/gcc/arm-none-eabi/5.2.1/../../../../arm-none-eabi/lib/armv7e-m/fpu\libc_nano.a(lib_a-impure.o)
                              c:/ac6/systemworkbench/plugins/fr.ac6.mcu.externaltools.arm-none.win32_1.7.0.201602121829/tools/compiler/bin/../lib/gcc/arm-none-eabi/5.2.1/../../../../arm-none-eabi/lib/armv7e-m/fpu\libc_nano.a(lib_a-exit.o) (_global_impure_ptr)
c:/ac6/systemworkbench/plugins/fr.ac6.mcu.externaltools.arm-none.win32_1.7.0.201602121829/tools/compiler/bin/../lib/gcc/arm-none-eabi/5.2.1/../../../../arm-none-eabi/lib/armv7e-m/fpu\libc_nano.a(lib_a-init.o)
                              c:/ac6/systemworkbench/plugins/fr.ac6.mcu.externaltools.arm-none.win32_1.7.0.201602121829/tools/compiler/bin/../lib/gcc/arm-none-eabi/5.2.1/../../../../arm-none-eabi/lib/armv7e-m/fpu/crt0.o (__libc_init_array)
c:/ac6/systemworkbench/plugins/fr.ac6.mcu.externaltools.arm-none.win32_1.7.0.201602121829/tools/compiler/bin/../lib/gcc/arm-none-eabi/5.2.1/../../../../arm-none-eabi/lib/armv7e-m/fpu\libc_nano.a(lib_a-memset.o)
                              c:/ac6/systemworkbench/plugins/fr.ac6.mcu.externaltools.arm-none.win32_1.7.0.201602121829/tools/compiler/bin/../lib/gcc/arm-none-eabi/5.2.1/../../../../arm-none-eabi/lib/armv7e-m/fpu/crt0.o (memset)
c:/ac6/systemworkbench/plugins/fr.ac6.mcu.externaltools.arm-none.win32_1.7.0.201602121829/tools/compiler/bin/../lib/gcc/arm-none-eabi/5.2.1/../../../../arm-none-eabi/lib/armv7e-m/fpu\libnosys.a(_exit.o)
                              c:/ac6/systemworkbench/plugins/fr.ac6.mcu.externaltools.arm-none.win32_1.7.0.201602121829/tools/compiler/bin/../lib/gcc/arm-none-eabi/5.2.1/../../../../arm-none-eabi/lib/armv7e-m/fpu\libc_nano.a(lib_a-exit.o) (_exit)

Allocating common symbols
Common symbol       size              file

hspi2               0x58              Application/User/main.o
hi2c1               0x3c              Application/User/main.o
hdma_spi2_rx        0x58              Application/User/main.o
pFlash              0x20              Drivers/STM32F4xx_HAL_Driver/stm32f4xx_hal_flash.o
hdma_dac1           0x58              Application/User/main.o
hdac                0x14              Application/User/main.o
htim6               0x3c              Application/User/main.o
aRxBuffer           0x8               Application/User/main.o
hdma_spi2_tx        0x58              Application/User/main.o

Discarded input sections

 .text          0x00000000        0x0 c:/ac6/systemworkbench/plugins/fr.ac6.mcu.externaltools.arm-none.win32_1.7.0.201602121829/tools/compiler/bin/../lib/gcc/arm-none-eabi/5.2.1/armv7e-m/fpu/crti.o
 .data          0x00000000        0x0 c:/ac6/systemworkbench/plugins/fr.ac6.mcu.externaltools.arm-none.win32_1.7.0.201602121829/tools/compiler/bin/../lib/gcc/arm-none-eabi/5.2.1/armv7e-m/fpu/crti.o
 .bss           0x00000000        0x0 c:/ac6/systemworkbench/plugins/fr.ac6.mcu.externaltools.arm-none.win32_1.7.0.201602121829/tools/compiler/bin/../lib/gcc/arm-none-eabi/5.2.1/armv7e-m/fpu/crti.o
 .data          0x00000000        0x4 c:/ac6/systemworkbench/plugins/fr.ac6.mcu.externaltools.arm-none.win32_1.7.0.201602121829/tools/compiler/bin/../lib/gcc/arm-none-eabi/5.2.1/armv7e-m/fpu/crtbegin.o
[...]
Memory Configuration

Name             Origin             Length             Attributes
FLASH            0x08000000         0x00100000         xr
RAM              0x20000000         0x00020000         xrw
CCMRAM           0x10000000         0x00010000         rw
*default*        0x00000000         0xffffffff

Linker script and memory map

LOAD c:/ac6/systemworkbench/plugins/fr.ac6.mcu.externaltools.arm-none.win32_1.7.0.201602121829/tools/compiler/bin/../lib/gcc/arm-none-eabi/5.2.1/armv7e-m/fpu/crti.o
LOAD c:/ac6/systemworkbench/plugins/fr.ac6.mcu.externaltools.arm-none.win32_1.7.0.201602121829/tools/compiler/bin/../lib/gcc/arm-none-eabi/5.2.1/armv7e-m/fpu/crtbegin.o
LOAD c:/ac6/systemworkbench/plugins/fr.ac6.mcu.externaltools.arm-none.win32_1.7.0.201602121829/tools/compiler/bin/../lib/gcc/arm-none-eabi/5.2.1/../../../../arm-none-eabi/lib/armv7e-m/fpu/crt0.o
LOAD c:/ac6/systemworkbench/plugins/fr.ac6.mcu.externaltools.arm-none.win32_1.7.0.201602121829/tools/compiler/bin/../lib/gcc/arm-none-eabi/5.2.1/../../../../arm-none-eabi/lib/armv7e-m/fpu\libm.a
LOAD stm32f4xx_hal_tim.o
LOAD Drivers/STM32F4xx_HAL_Driver/stm32f4xx_hal.o
LOAD Drivers/STM32F4xx_HAL_Driver/stm32f4xx_hal_adc.o
LOAD Drivers/STM32F4xx_HAL_Driver/stm32f4xx_hal_adc_ex.o
LOAD Drivers/STM32F4xx_HAL_Driver/stm32f4xx_hal_cortex.o
LOAD Drivers/STM32F4xx_HAL_Driver/stm32f4xx_hal_dac.o
LOAD Drivers/STM32F4xx_HAL_Driver/stm32f4xx_hal_dac_ex.o
LOAD Drivers/STM32F4xx_HAL_Driver/stm32f4xx_hal_dma.o
LOAD Drivers/STM32F4xx_HAL_Driver/stm32f4xx_hal_dma_ex.o
LOAD Drivers/STM32F4xx_HAL_Driver/stm32f4xx_hal_flash.o
LOAD Drivers/STM32F4xx_HAL_Driver/stm32f4xx_hal_flash_ex.o
LOAD Drivers/STM32F4xx_HAL_Driver/stm32f4xx_hal_flash_ramfunc.o
LOAD Drivers/STM32F4xx_HAL_Driver/stm32f4xx_hal_gpio.o
LOAD Drivers/STM32F4xx_HAL_Driver/stm32f4xx_hal_pwr.o
LOAD Drivers/STM32F4xx_HAL_Driver/stm32f4xx_hal_pwr_ex.o
LOAD Drivers/STM32F4xx_HAL_Driver/stm32f4xx_hal_rcc.o
LOAD Drivers/STM32F4xx_HAL_Driver/stm32f4xx_hal_rcc_ex.o
LOAD Drivers/STM32F4xx_HAL_Driver/stm32f4xx_hal_uart.o
LOAD Drivers/CMSIS/system_stm32f4xx.o
LOAD Application/User/arm_common_tables.o
LOAD Application/User/arm_cos_f32.o
LOAD Application/User/arm_sin_f32.o
LOAD Application/User/main.o
LOAD Application/User/stm32f4_discovery.o
LOAD Application/User/stm32f4xx_hal_i2c.o
LOAD Application/User/stm32f4xx_hal_msp.o
LOAD Application/User/stm32f4xx_hal_spi.o
LOAD Application/User/stm32f4xx_hal_tim_ex.o
LOAD Application/User/stm32f4xx_it.o
LOAD Application/SW4STM32/startup_stm32f407xx.o
START GROUP
LOAD c:/ac6/systemworkbench/plugins/fr.ac6.mcu.externaltools.arm-none.win32_1.7.0.201602121829/tools/compiler/bin/../lib/gcc/arm-none-eabi/5.2.1/armv7e-m/fpu\libgcc.a
LOAD c:/ac6/systemworkbench/plugins/fr.ac6.mcu.externaltools.arm-none.win32_1.7.0.201602121829/tools/compiler/bin/../lib/gcc/arm-none-eabi/5.2.1/../../../../arm-none-eabi/lib/armv7e-m/fpu\libc_nano.a
END GROUP
START GROUP
LOAD c:/ac6/systemworkbench/plugins/fr.ac6.mcu.externaltools.arm-none.win32_1.7.0.201602121829/tools/compiler/bin/../lib/gcc/arm-none-eabi/5.2.1/armv7e-m/fpu\libgcc.a
LOAD c:/ac6/systemworkbench/plugins/fr.ac6.mcu.externaltools.arm-none.win32_1.7.0.201602121829/tools/compiler/bin/../lib/gcc/arm-none-eabi/5.2.1/../../../../arm-none-eabi/lib/armv7e-m/fpu\libc_nano.a
LOAD c:/ac6/systemworkbench/plugins/fr.ac6.mcu.externaltools.arm-none.win32_1.7.0.201602121829/tools/compiler/bin/../lib/gcc/arm-none-eabi/5.2.1/../../../../arm-none-eabi/lib/armv7e-m/fpu\libnosys.a
END GROUP
START GROUP
LOAD c:/ac6/systemworkbench/plugins/fr.ac6.mcu.externaltools.arm-none.win32_1.7.0.201602121829/tools/compiler/bin/../lib/gcc/arm-none-eabi/5.2.1/armv7e-m/fpu\libgcc.a
LOAD c:/ac6/systemworkbench/plugins/fr.ac6.mcu.externaltools.arm-none.win32_1.7.0.201602121829/tools/compiler/bin/../lib/gcc/arm-none-eabi/5.2.1/../../../../arm-none-eabi/lib/armv7e-m/fpu\libc_nano.a
LOAD c:/ac6/systemworkbench/plugins/fr.ac6.mcu.externaltools.arm-none.win32_1.7.0.201602121829/tools/compiler/bin/../lib/gcc/arm-none-eabi/5.2.1/../../../../arm-none-eabi/lib/armv7e-m/fpu\libnosys.a
END GROUP
LOAD c:/ac6/systemworkbench/plugins/fr.ac6.mcu.externaltools.arm-none.win32_1.7.0.201602121829/tools/compiler/bin/../lib/gcc/arm-none-eabi/5.2.1/armv7e-m/fpu/crtend.o
LOAD c:/ac6/systemworkbench/plugins/fr.ac6.mcu.externaltools.arm-none.win32_1.7.0.201602121829/tools/compiler/bin/../lib/gcc/arm-none-eabi/5.2.1/armv7e-m/fpu/crtn.o
                0x20020000                _estack = 0x20020000
                0x00000200                _Min_Heap_Size = 0x200
                0x00000400                _Min_Stack_Size = 0x400

.isr_vector     0x08000000      0x188
                0x08000000                . = ALIGN (0x4)
 *(.isr_vector)
 .isr_vector    0x08000000      0x188 Application/SW4STM32/startup_stm32f407xx.o
                0x08000000                g_pfnVectors
                0x08000188                . = ALIGN (0x4)

.text           0x08000188     0x20e0
                0x08000188                . = ALIGN (0x4)
 *(.text)
 .text          0x08000188       0xa4 c:/ac6/systemworkbench/plugins/fr.ac6.mcu.externaltools.arm-none.win32_1.7.0.201602121829/tools/compiler/bin/../lib/gcc/arm-none-eabi/5.2.1/armv7e-m/fpu/crtbegin.o
 .text          0x0800022c      0x370 c:/ac6/systemworkbench/plugins/fr.ac6.mcu.externaltools.arm-none.win32_1.7.0.201602121829/tools/compiler/bin/../lib/gcc/arm-none-eabi/5.2.1/armv7e-m/fpu\libgcc.a(_arm_addsubdf3.o)
                0x0800022c                __aeabi_drsub
                0x08000234                __aeabi_dsub
                0x08000234                __subdf3
                0x08000238                __aeabi_dadd
                0x08000238                __adddf3
                0x080004b0                __floatunsidf
                0x080004b0                __aeabi_ui2d
                0x080004d0                __floatsidf
                0x080004d0                __aeabi_i2d
                0x080004f4                __aeabi_f2d
                0x080004f4                __extendsfdf2
                0x08000530                __floatundidf
                0x08000530                __aeabi_ul2d
                0x08000540                __floatdidf
                0x08000540                __aeabi_l2d
 .text          0x0800059c      0x424 c:/ac6/systemworkbench/plugins/fr.ac6.mcu.externaltools.arm-none.win32_1.7.0.201602121829/tools/compiler/bin/../lib/gcc/arm-none-eabi/5.2.1/armv7e-m/fpu\libgcc.a(_arm_muldivdf3.o)
                0x0800059c                __aeabi_dmul
                0x0800059c                __muldf3
                0x080007f0                __divdf3
                0x080007f0                __aeabi_ddiv
 .text          0x080009c0       0x40 c:/ac6/systemworkbench/plugins/fr.ac6.mcu.externaltools.arm-none.win32_1.7.0.201602121829/tools/compiler/bin/../lib/gcc/arm-none-eabi/5.2.1/armv7e-m/fpu\libgcc.a(_arm_fixunsdfsi.o)
                0x080009c0                __aeabi_d2uiz
                0x080009c0                __fixunsdfsi
 .text          0x08000a00       0xa0 c:/ac6/systemworkbench/plugins/fr.ac6.mcu.externaltools.arm-none.win32_1.7.0.201602121829/tools/compiler/bin/../lib/gcc/arm-none-eabi/5.2.1/armv7e-m/fpu\libgcc.a(_arm_truncdfsf2.o)
                0x08000a00                __truncdfsf2
                0x08000a00                __aeabi_d2f
 *(.text*)
 .text.HAL_TIM_Base_Start
                0x08000aa0       0x1a stm32f4xx_hal_tim.o
                0x08000aa0                HAL_TIM_Base_Start
 *fill*         0x08000aba        0x2 
 .text.TIM_Base_SetConfig
                0x08000abc       0xc8 stm32f4xx_hal_tim.o
                0x08000abc                TIM_Base_SetConfig
 .text.HAL_TIM_Base_Init
                0x08000b84       0x34 stm32f4xx_hal_tim.o
                0x08000b84                HAL_TIM_Base_Init
 .text.HAL_InitTick
                0x08000bb8       0x24 Drivers/STM32F4xx_HAL_Driver/stm32f4xx_hal.o
                0x08000bb8                HAL_InitTick
 .text.HAL_Init
                0x08000bdc       0x34 Drivers/STM32F4xx_HAL_Driver/stm32f4xx_hal.o
                0x08000bdc                HAL_Init
 .text.HAL_IncTick
                0x08000c10       0x10 Drivers/STM32F4xx_HAL_Driver/stm32f4xx_hal.o
                0x08000c10                HAL_IncTick
 .text.HAL_GetTick
                0x08000c20        0xc Drivers/STM32F4xx_HAL_Driver/stm32f4xx_hal.o
                0x08000c20                HAL_GetTick
 .text.HAL_NVIC_SetPriorityGrouping
                0x08000c2c       0x24 Drivers/STM32F4xx_HAL_Driver/stm32f4xx_hal_cortex.o
                0x08000c2c                HAL_NVIC_SetPriorityGrouping
 .text.HAL_NVIC_SetPriority
                0x08000c50       0x68 Drivers/STM32F4xx_HAL_Driver/stm32f4xx_hal_cortex.o
                0x08000c50                HAL_NVIC_SetPriority
 .text.HAL_NVIC_EnableIRQ
                0x08000cb8       0x18 Drivers/STM32F4xx_HAL_Driver/stm32f4xx_hal_cortex.o
                0x08000cb8                HAL_NVIC_EnableIRQ
 .text.HAL_SYSTICK_Config
                0x08000cd0       0x2c Drivers/STM32F4xx_HAL_Driver/stm32f4xx_hal_cortex.o
                0x08000cd0                HAL_SYSTICK_Config
 .text.HAL_SYSTICK_CLKSourceConfig
                0x08000cfc       0x18 Drivers/STM32F4xx_HAL_Driver/stm32f4xx_hal_cortex.o
                0x08000cfc                HAL_SYSTICK_CLKSourceConfig
 .text.HAL_SYSTICK_Callback
                0x08000d14        0x2 Drivers/STM32F4xx_HAL_Driver/stm32f4xx_hal_cortex.o
                0x08000d14                HAL_SYSTICK_Callback
 .text.HAL_SYSTICK_IRQHandler
                0x08000d16        0x8 Drivers/STM32F4xx_HAL_Driver/stm32f4xx_hal_cortex.o
                0x08000d16                HAL_SYSTICK_IRQHandler
 .text.HAL_DAC_Init
                0x08000d1e       0x26 Drivers/STM32F4xx_HAL_Driver/stm32f4xx_hal_dac.o
                0x08000d1e                HAL_DAC_Init
 .text.HAL_DAC_Start_DMA
                0x08000d44       0xc8 Drivers/STM32F4xx_HAL_Driver/stm32f4xx_hal_dac.o
                0x08000d44                HAL_DAC_Start_DMA
 .text.HAL_DAC_ConvCpltCallbackCh1
                0x08000e0c        0x2 Drivers/STM32F4xx_HAL_Driver/stm32f4xx_hal_dac.o
                0x08000e0c                HAL_DAC_ConvCpltCallbackCh1
 .text.DAC_DMAConvCpltCh1
                0x08000e0e       0x10 Drivers/STM32F4xx_HAL_Driver/stm32f4xx_hal_dac.o
 .text.HAL_DAC_ConvHalfCpltCallbackCh1
                0x08000e1e        0x2 Drivers/STM32F4xx_HAL_Driver/stm32f4xx_hal_dac.o
                0x08000e1e                HAL_DAC_ConvHalfCpltCallbackCh1
 .text.DAC_DMAHalfConvCpltCh1
                0x08000e20        0xa Drivers/STM32F4xx_HAL_Driver/stm32f4xx_hal_dac.o
 .text.DAC_DMAErrorCh1
                0x08000e2a       0x18 Drivers/STM32F4xx_HAL_Driver/stm32f4xx_hal_dac.o
 .text.HAL_DAC_ConfigChannel
                0x08000e42       0x42 Drivers/STM32F4xx_HAL_Driver/stm32f4xx_hal_dac.o
                0x08000e42                HAL_DAC_ConfigChannel
 .text.HAL_DACEx_ConvCpltCallbackCh2
                0x08000e84        0x2 Drivers/STM32F4xx_HAL_Driver/stm32f4xx_hal_dac_ex.o
                0x08000e84                HAL_DACEx_ConvCpltCallbackCh2
 .text.HAL_DACEx_ConvHalfCpltCallbackCh2
                0x08000e86        0x2 Drivers/STM32F4xx_HAL_Driver/stm32f4xx_hal_dac_ex.o
                0x08000e86                HAL_DACEx_ConvHalfCpltCallbackCh2
 .text.HAL_DACEx_ErrorCallbackCh2
                0x08000e88        0x2 Drivers/STM32F4xx_HAL_Driver/stm32f4xx_hal_dac_ex.o
                0x08000e88                HAL_DACEx_ErrorCallbackCh2
 .text.DAC_DMAConvCpltCh2
                0x08000e8a       0x10 Drivers/STM32F4xx_HAL_Driver/stm32f4xx_hal_dac_ex.o
                0x08000e8a                DAC_DMAConvCpltCh2
 .text.DAC_DMAHalfConvCpltCh2
                0x08000e9a        0xa Drivers/STM32F4xx_HAL_Driver/stm32f4xx_hal_dac_ex.o
                0x08000e9a                DAC_DMAHalfConvCpltCh2
 .text.DAC_DMAErrorCh2
                0x08000ea4       0x18 Drivers/STM32F4xx_HAL_Driver/stm32f4xx_hal_dac_ex.o
                0x08000ea4                DAC_DMAErrorCh2
 .text.DMA_CalcBaseAndBitshift
                0x08000ebc       0x2c Drivers/STM32F4xx_HAL_Driver/stm32f4xx_hal_dma.o
 .text.HAL_DMA_Init
                0x08000ee8       0x74 Drivers/STM32F4xx_HAL_Driver/stm32f4xx_hal_dma.o
                0x08000ee8                HAL_DMA_Init
 .text.HAL_DMA_Start_IT
                0x08000f5c       0x5a Drivers/STM32F4xx_HAL_Driver/stm32f4xx_hal_dma.o
                0x08000f5c                HAL_DMA_Start_IT
 *fill*         0x08000fb6        0x2 
 .text.HAL_DMA_IRQHandler
                0x08000fb8      0x164 Drivers/STM32F4xx_HAL_Driver/stm32f4xx_hal_dma.o
                0x08000fb8                HAL_DMA_IRQHandler
 .text.HAL_GPIO_Init
                0x0800111c      0x1cc Drivers/STM32F4xx_HAL_Driver/stm32f4xx_hal_gpio.o
                0x0800111c                HAL_GPIO_Init
 .text.HAL_GPIO_WritePin
                0x080012e8        0x8 Drivers/STM32F4xx_HAL_Driver/stm32f4xx_hal_gpio.o
                0x080012e8                HAL_GPIO_WritePin
 .text.HAL_RCC_OscConfig
                0x080012f0      0x314 Drivers/STM32F4xx_HAL_Driver/stm32f4xx_hal_rcc.o
                0x080012f0                HAL_RCC_OscConfig
 .text.HAL_RCC_ClockConfig
                0x08001604      0x1f8 Drivers/STM32F4xx_HAL_Driver/stm32f4xx_hal_rcc.o
                0x08001604                HAL_RCC_ClockConfig
 .text.HAL_RCC_GetSysClockFreq
                0x080017fc       0x7c Drivers/STM32F4xx_HAL_Driver/stm32f4xx_hal_rcc.o
                0x080017fc                HAL_RCC_GetSysClockFreq
 .text.HAL_RCC_GetHCLKFreq
                0x08001878       0x34 Drivers/STM32F4xx_HAL_Driver/stm32f4xx_hal_rcc.o
                0x08001878                HAL_RCC_GetHCLKFreq
 .text.HAL_RCC_GetPCLK1Freq
                0x080018ac       0x2c Drivers/STM32F4xx_HAL_Driver/stm32f4xx_hal_rcc.o
                0x080018ac                HAL_RCC_GetPCLK1Freq
 .text.SystemInit
                0x080018d8       0x4c Drivers/CMSIS/system_stm32f4xx.o
                0x080018d8                SystemInit
 .text.arm_cos_f32
                0x08001924       0x7c Application/User/arm_cos_f32.o
                0x08001924                arm_cos_f32
 .text.arm_sin_f32
                0x080019a0       0x84 Application/User/arm_sin_f32.o
                0x080019a0                arm_sin_f32
 .text.SystemClock_Config
                0x08001a24       0xa4 Application/User/main.o
                0x08001a24                SystemClock_Config
 .text.startup.main
                0x08001ac8      0x270 Application/User/main.o
                0x08001ac8                main
 .text.HAL_DAC_ErrorCallbackCh1
                0x08001d38        0xa Application/User/main.o
                0x08001d38                HAL_DAC_ErrorCallbackCh1
 *fill*         0x08001d42        0x2 
 .text.BSP_LED_Init
                0x08001d44       0xb0 Application/User/stm32f4_discovery.o
                0x08001d44                BSP_LED_Init
 .text.BSP_LED_On
                0x08001df4       0x1c Application/User/stm32f4_discovery.o
                0x08001df4                BSP_LED_On
 .text.HAL_I2C_Init
                0x08001e10       0xd8 Application/User/stm32f4xx_hal_i2c.o
                0x08001e10                HAL_I2C_Init
 .text.HAL_MspInit
                0x08001ee8       0x18 Application/User/stm32f4xx_hal_msp.o
                0x08001ee8                HAL_MspInit
 .text.HAL_DAC_MspInit
                0x08001f00       0x84 Application/User/stm32f4xx_hal_msp.o
                0x08001f00                HAL_DAC_MspInit
 .text.HAL_I2C_MspInit
                0x08001f84       0x54 Application/User/stm32f4xx_hal_msp.o
                0x08001f84                HAL_I2C_MspInit
 .text.HAL_SPI_MspInit
                0x08001fd8       0xb8 Application/User/stm32f4xx_hal_msp.o
                0x08001fd8                HAL_SPI_MspInit
 .text.HAL_TIM_Base_MspInit
                0x08002090       0x30 Application/User/stm32f4xx_hal_msp.o
                0x08002090                HAL_TIM_Base_MspInit
 .text.HAL_SPI_Init
                0x080020c0       0x7a Application/User/stm32f4xx_hal_spi.o
                0x080020c0                HAL_SPI_Init
 .text.HAL_TIMEx_MasterConfigSynchronization
                0x0800213a       0x44 Application/User/stm32f4xx_hal_tim_ex.o
                0x0800213a                HAL_TIMEx_MasterConfigSynchronization
 .text.SysTick_Handler
                0x0800217e        0xe Application/User/stm32f4xx_it.o
                0x0800217e                SysTick_Handler
 .text.DMA1_Stream3_IRQHandler
                0x0800218c        0xc Application/User/stm32f4xx_it.o
                0x0800218c                DMA1_Stream3_IRQHandler
 .text.DMA1_Stream4_IRQHandler
                0x08002198        0xc Application/User/stm32f4xx_it.o
                0x08002198                DMA1_Stream4_IRQHandler
 .text.DMA1_Stream5_IRQHandler
                0x080021a4        0xc Application/User/stm32f4xx_it.o
                0x080021a4                DMA1_Stream5_IRQHandler
 .text.Reset_Handler
                0x080021b0       0x50 Application/SW4STM32/startup_stm32f407xx.o
                0x080021b0                Reset_Handler
 .text.Default_Handler
                0x08002200        0x2 Application/SW4STM32/startup_stm32f407xx.o
                0x08002200                RTC_Alarm_IRQHandler
                0x08002200                HASH_RNG_IRQHandler
                0x08002200                EXTI2_IRQHandler
                0x08002200                TIM8_CC_IRQHandler
                0x08002200                DebugMon_Handler
                0x08002200                TIM1_CC_IRQHandler
                0x08002200                DMA2_Stream5_IRQHandler
                0x08002200                HardFault_Handler
                0x08002200                PVD_IRQHandler
                0x08002200                SDIO_IRQHandler
                0x08002200                TAMP_STAMP_IRQHandler
                0x08002200                PendSV_Handler
                0x08002200                NMI_Handler
                0x08002200                CAN2_RX1_IRQHandler
                0x08002200                EXTI3_IRQHandler
                0x08002200                TIM8_TRG_COM_TIM14_IRQHandler
                0x08002200                TIM1_UP_TIM10_IRQHandler
                0x08002200                TIM8_UP_TIM13_IRQHandler
                0x08002200                I2C3_ER_IRQHandler
                0x08002200                EXTI0_IRQHandler
                0x08002200                I2C2_EV_IRQHandler
                0x08002200                DMA1_Stream2_IRQHandler
                0x08002200                CAN1_RX0_IRQHandler
                0x08002200                FPU_IRQHandler
                0x08002200                OTG_HS_WKUP_IRQHandler
                0x08002200                UsageFault_Handler
                0x08002200                CAN2_SCE_IRQHandler
                0x08002200                DMA2_Stream2_IRQHandler
                0x08002200                SPI1_IRQHandler
                0x08002200                TIM6_DAC_IRQHandler
                0x08002200                TIM1_BRK_TIM9_IRQHandler
                0x08002200                DCMI_IRQHandler
                0x08002200                CAN2_RX0_IRQHandler
                0x08002200                DMA2_Stream3_IRQHandler
                0x08002200                USART6_IRQHandler
                0x08002200                USART3_IRQHandler
                0x08002200                CAN1_RX1_IRQHandler
                0x08002200                UART5_IRQHandler
                0x08002200                DMA2_Stream0_IRQHandler
                0x08002200                TIM4_IRQHandler
                0x08002200                I2C1_EV_IRQHandler
                0x08002200                DMA1_Stream6_IRQHandler
                0x08002200                DMA1_Stream1_IRQHandler
                0x08002200                UART4_IRQHandler
                0x08002200                TIM3_IRQHandler
                0x08002200                RCC_IRQHandler
                0x08002200                TIM8_BRK_TIM12_IRQHandler
                0x08002200                Default_Handler
                0x08002200                EXTI15_10_IRQHandler
                0x08002200                ADC_IRQHandler
                0x08002200                DMA1_Stream7_IRQHandler
                0x08002200                TIM7_IRQHandler
                0x08002200                CAN2_TX_IRQHandler
                0x08002200                TIM5_IRQHandler
                0x08002200                DMA2_Stream7_IRQHandler
                0x08002200                I2C3_EV_IRQHandler
                0x08002200                EXTI9_5_IRQHandler
                0x08002200                RTC_WKUP_IRQHandler
                0x08002200                ETH_WKUP_IRQHandler
                0x08002200                SPI2_IRQHandler
                0x08002200                OTG_HS_EP1_IN_IRQHandler
                0x08002200                MemManage_Handler
                0x08002200                DMA1_Stream0_IRQHandler
                0x08002200                CAN1_TX_IRQHandler
                0x08002200                SVC_Handler
                0x08002200                EXTI4_IRQHandler
                0x08002200                FSMC_IRQHandler
                0x08002200                ETH_IRQHandler
                0x08002200                OTG_HS_EP1_OUT_IRQHandler
                0x08002200                WWDG_IRQHandler
                0x08002200                TIM2_IRQHandler
                0x08002200                OTG_FS_WKUP_IRQHandler
                0x08002200                TIM1_TRG_COM_TIM11_IRQHandler
                0x08002200                OTG_HS_IRQHandler
                0x08002200                EXTI1_IRQHandler
                0x08002200                USART2_IRQHandler
                0x08002200                I2C2_ER_IRQHandler
                0x08002200                DMA2_Stream1_IRQHandler
                0x08002200                CAN1_SCE_IRQHandler
                0x08002200                FLASH_IRQHandler
                0x08002200                DMA2_Stream4_IRQHandler
                0x08002200                BusFault_Handler
                0x08002200                USART1_IRQHandler
                0x08002200                OTG_FS_IRQHandler
                0x08002200                SPI3_IRQHandler
                0x08002200                I2C1_ER_IRQHandler
                0x08002200                DMA2_Stream6_IRQHandler
 *fill*         0x08002202        0x2 
 .text.__libc_init_array
                0x08002204       0x4c c:/ac6/systemworkbench/plugins/fr.ac6.mcu.externaltools.arm-none.win32_1.7.0.201602121829/tools/compiler/bin/../lib/gcc/arm-none-eabi/5.2.1/../../../../arm-none-eabi/lib/armv7e-m/fpu\libc_nano.a(lib_a-init.o)
                0x08002204                __libc_init_array
 *(.glue_7)
 .glue_7        0x08002250        0x0 linker stubs
 *(.glue_7t)
 .glue_7t       0x08002250        0x0 linker stubs
 *(.eh_frame)
 .eh_frame      0x08002250        0x0 c:/ac6/systemworkbench/plugins/fr.ac6.mcu.externaltools.arm-none.win32_1.7.0.201602121829/tools/compiler/bin/../lib/gcc/arm-none-eabi/5.2.1/armv7e-m/fpu/crtbegin.o
 *(.init)
 .init          0x08002250        0x4 c:/ac6/systemworkbench/plugins/fr.ac6.mcu.externaltools.arm-none.win32_1.7.0.201602121829/tools/compiler/bin/../lib/gcc/arm-none-eabi/5.2.1/armv7e-m/fpu/crti.o
                0x08002250                _init
 .init          0x08002254        0x8 c:/ac6/systemworkbench/plugins/fr.ac6.mcu.externaltools.arm-none.win32_1.7.0.201602121829/tools/compiler/bin/../lib/gcc/arm-none-eabi/5.2.1/armv7e-m/fpu/crtn.o
 *(.fini)
 .fini          0x0800225c        0x4 c:/ac6/systemworkbench/plugins/fr.ac6.mcu.externaltools.arm-none.win32_1.7.0.201602121829/tools/compiler/bin/../lib/gcc/arm-none-eabi/5.2.1/armv7e-m/fpu/crti.o
                0x0800225c                _fini
 .fini          0x08002260        0x8 c:/ac6/systemworkbench/plugins/fr.ac6.mcu.externaltools.arm-none.win32_1.7.0.201602121829/tools/compiler/bin/../lib/gcc/arm-none-eabi/5.2.1/armv7e-m/fpu/crtn.o
                0x08002268                . = ALIGN (0x4)
                0x08002268                _etext = .

.vfp11_veneer   0x08002268        0x0
 .vfp11_veneer  0x08002268        0x0 linker stubs

.v4_bx          0x08002268        0x0
 .v4_bx         0x08002268        0x0 linker stubs

.iplt           0x08002268        0x0
 .iplt          0x08002268        0x0 c:/ac6/systemworkbench/plugins/fr.ac6.mcu.externaltools.arm-none.win32_1.7.0.201602121829/tools/compiler/bin/../lib/gcc/arm-none-eabi/5.2.1/armv7e-m/fpu/crtbegin.o

.rodata         0x08002268    0x34ef0
                0x08002268                . = ALIGN (0x4)
 *(.rodata)
 .rodata        0x08002268        0x8 Drivers/STM32F4xx_HAL_Driver/stm32f4xx_hal_dma.o
 .rodata        0x08002270       0x10 Drivers/STM32F4xx_HAL_Driver/stm32f4xx_hal_rcc.o
                0x08002270                APBAHBPrescTable
 .rodata        0x08002280    0x34ecc Application/User/arm_common_tables.o
                0x08002280                sinTable_q15
                0x08002684                sinTable_q31
                0x08002e88                sinTable_f32
                0x0800368c                twiddleCoef_rfft_4096
                0x0800768c                twiddleCoef_rfft_2048
                0x0800968c                twiddleCoef_rfft_1024
                0x0800a68c                twiddleCoef_rfft_512
                0x0800ae8c                twiddleCoef_rfft_256
                0x0800b28c                twiddleCoef_rfft_128
                0x0800b48c                twiddleCoef_rfft_64
                0x0800b58c                twiddleCoef_rfft_32
                0x0800b60c                armBitRevIndexTable_fixed_4096
                0x0800d58c                armBitRevIndexTable_fixed_2048
                0x0800e50c                armBitRevIndexTable_fixed_1024
                0x0800eccc                armBitRevIndexTable_fixed_512
                0x0800f08c                armBitRevIndexTable_fixed_256
                0x0800f26c                armBitRevIndexTable_fixed_128
                0x0800f34c                armBitRevIndexTable_fixed_64
                0x0800f3bc                armBitRevIndexTable_fixed_32
                0x0800f3ec                armBitRevIndexTable_fixed_16
                0x0800f404                armBitRevIndexTable4096
                0x08011384                armBitRevIndexTable2048
                0x08013144                armBitRevIndexTable1024
                0x08013f54                armBitRevIndexTable512
                0x080142d4                armBitRevIndexTable256
                0x08014644                armBitRevIndexTable128
                0x080147e4                armBitRevIndexTable64
                0x08014854                armBitRevIndexTable32
                0x080148b4                armBitRevIndexTable16
                0x080148dc                armRecipTableQ31
                0x080149dc                armRecipTableQ15
                0x08014a5c                twiddleCoef_4096_q15
                0x08017a5c                twiddleCoef_2048_q15
                0x0801925c                twiddleCoef_1024_q15
                0x08019e5c                twiddleCoef_512_q15
                0x0801a45c                twiddleCoef_256_q15
                0x0801a75c                twiddleCoef_128_q15
                0x0801a8dc                twiddleCoef_64_q15
                0x0801a99c                twiddleCoef_32_q15
                0x0801a9fc                twiddleCoef_16_q15
                0x0801aa2c                twiddleCoef_4096_q31
                0x08020a2c                twiddleCoef_2048_q31
                0x08023a2c                twiddleCoef_1024_q31
                0x0802522c                twiddleCoef_512_q31
                0x08025e2c                twiddleCoef_256_q31
                0x0802642c                twiddleCoef_128_q31
                0x0802672c                twiddleCoef_64_q31
                0x080268ac                twiddleCoef_32_q31
                0x0802696c                twiddleCoef_16_q31
                0x080269cc                twiddleCoef_4096
                0x0802e9cc                twiddleCoef_2048
                0x080329cc                twiddleCoef_1024
                0x080349cc                twiddleCoef_512
                0x080359cc                twiddleCoef_256
                0x080361cc                twiddleCoef_128
                0x080365cc                twiddleCoef_64
                0x080367cc                twiddleCoef_32
                0x080368cc                twiddleCoef_16
                0x0803694c                armBitRevTable
 .rodata        0x0803714c        0xc Application/User/stm32f4_discovery.o
                0x0803714c                GPIO_PIN
                0x08037154                BUTTON_IRQn
                0x08037156                BUTTON_PIN
 *(.rodata*)
                0x08037158                . = ALIGN (0x4)

.rel.dyn        0x08037158        0x0
 .rel.iplt      0x08037158        0x0 c:/ac6/systemworkbench/plugins/fr.ac6.mcu.externaltools.arm-none.win32_1.7.0.201602121829/tools/compiler/bin/../lib/gcc/arm-none-eabi/5.2.1/armv7e-m/fpu/crtbegin.o

.ARM.extab
 *(.ARM.extab* .gnu.linkonce.armextab.*)

.ARM            0x08037158        0x0
                0x08037158                __exidx_start = .
 *(.ARM.exidx*)
                0x08037158                __exidx_end = .

.preinit_array  0x08037158        0x0
                0x08037158                PROVIDE (__preinit_array_start, .)
 *(.preinit_array*)
                0x08037158                PROVIDE (__preinit_array_end, .)

.init_array     0x08037158        0x4
                0x08037158                PROVIDE (__init_array_start, .)
 *(SORT(.init_array.*))
 *(.init_array*)
 .init_array    0x08037158        0x4 c:/ac6/systemworkbench/plugins/fr.ac6.mcu.externaltools.arm-none.win32_1.7.0.201602121829/tools/compiler/bin/../lib/gcc/arm-none-eabi/5.2.1/armv7e-m/fpu/crtbegin.o
                0x0803715c                PROVIDE (__init_array_end, .)

.fini_array     0x0803715c        0x4
                [!provide]                PROVIDE (__fini_array_start, .)
 *(SORT(.fini_array.*))
 *(.fini_array*)
 .fini_array    0x0803715c        0x4 c:/ac6/systemworkbench/plugins/fr.ac6.mcu.externaltools.arm-none.win32_1.7.0.201602121829/tools/compiler/bin/../lib/gcc/arm-none-eabi/5.2.1/armv7e-m/fpu/crtbegin.o
                [!provide]                PROVIDE (__fini_array_end, .)
                0x08037160                _sidata = LOADADDR (.data)

.data           0x20000000       0x20 load address 0x08037160
                0x20000000                . = ALIGN (0x4)
                0x20000000                _sdata = .
 *(.data)
 .data          0x20000000        0x4 Drivers/CMSIS/system_stm32f4xx.o
                0x20000000                SystemCoreClock
 .data          0x20000004       0x1c Application/User/stm32f4_discovery.o
                0x20000004                SpixTimeout
                0x20000008                GPIO_PORT
                0x20000018                BUTTON_PORT
                0x2000001c                I2cxTimeout
 *(.data*)
                0x20000020                . = ALIGN (0x4)
                0x20000020                _edata = .
                0x08037180                _siccmram = LOADADDR (.ccmram)

.jcr            0x20000020        0x0 load address 0x08037180
 .jcr           0x20000020        0x0 c:/ac6/systemworkbench/plugins/fr.ac6.mcu.externaltools.arm-none.win32_1.7.0.201602121829/tools/compiler/bin/../lib/gcc/arm-none-eabi/5.2.1/armv7e-m/fpu/crtbegin.o

.tm_clone_table
                0x20000020        0x0 load address 0x08037180
 .tm_clone_table
                0x20000020        0x0 c:/ac6/systemworkbench/plugins/fr.ac6.mcu.externaltools.arm-none.win32_1.7.0.201602121829/tools/compiler/bin/../lib/gcc/arm-none-eabi/5.2.1/armv7e-m/fpu/crtbegin.o
 .tm_clone_table
                0x20000020        0x0 c:/ac6/systemworkbench/plugins/fr.ac6.mcu.externaltools.arm-none.win32_1.7.0.201602121829/tools/compiler/bin/../lib/gcc/arm-none-eabi/5.2.1/armv7e-m/fpu/crtend.o

.igot.plt       0x20000020        0x0 load address 0x08037180
 .igot.plt      0x20000020        0x0 c:/ac6/systemworkbench/plugins/fr.ac6.mcu.externaltools.arm-none.win32_1.7.0.201602121829/tools/compiler/bin/../lib/gcc/arm-none-eabi/5.2.1/armv7e-m/fpu/crtbegin.o

.ccmram         0x10000000        0x0 load address 0x08037180
                0x10000000                . = ALIGN (0x4)
                0x10000000                _sccmram = .
 *(.ccmram)
 *(.ccmram*)
                0x10000000                . = ALIGN (0x4)
                0x10000000                _eccmram = .
                0x10000000                . = ALIGN (0x4)

.bss            0x20000020      0xa24
                0x20000020                _sbss = .
                0x20000020                __bss_start__ = _sbss
 *(.bss)
 .bss           0x20000020       0x1c c:/ac6/systemworkbench/plugins/fr.ac6.mcu.externaltools.arm-none.win32_1.7.0.201602121829/tools/compiler/bin/../lib/gcc/arm-none-eabi/5.2.1/armv7e-m/fpu/crtbegin.o
 .bss           0x2000003c        0x4 Drivers/STM32F4xx_HAL_Driver/stm32f4xx_hal.o
 .bss           0x20000040      0x80e Application/User/main.o
                0x20000040                sinBuffer
                0x20000840                UartReady
                0x20000844                sampleMultiplier
                0x20000848                sampleCounter
                0x2000084c                uhDACxConvertedValue
 *(.bss*)
 *(COMMON)
 *fill*         0x2000084e        0x2 
 COMMON         0x20000850      0x1f4 Application/User/main.o
                0x20000850                hspi2
                0x200008a8                hi2c1
                0x200008e4                hdma_spi2_rx
                0x2000093c                hdma_dac1
                0x20000994                hdac
                0x200009a8                htim6
                0x200009e4                aRxBuffer
                0x200009ec                hdma_spi2_tx
                0x20000a44                . = ALIGN (0x4)
                0x20000a44                _ebss = .
                0x20000a44                __bss_end__ = _ebss

._user_heap_stack
                0x20000a44      0x604
                0x20000a48                . = ALIGN (0x8)
 *fill*         0x20000a44        0x4 
                [!provide]                PROVIDE (end, .)
                [!provide]                PROVIDE (_end, .)
                0x20000c48                . = (. + _Min_Heap_Size)
 *fill*         0x20000a48      0x200 
                0x20001048                . = (. + _Min_Stack_Size)
 *fill*         0x20000c48      0x400 
                0x20001048                . = ALIGN (0x8)

/DISCARD/
 libc.a(*)
 libm.a(*)
 libgcc.a(*)

.ARM.attributes
                0x00000000       0x30
 *(.ARM.attributes)
 .ARM.attributes
                0x00000000       0x22 c:/ac6/systemworkbench/plugins/fr.ac6.mcu.externaltools.arm-none.win32_1.7.0.201602121829/tools/compiler/bin/../lib/gcc/arm-none-eabi/5.2.1/armv7e-m/fpu/crti.o
 .ARM.attributes
                0x00000022       0x34 c:/ac6/systemworkbench/plugins/fr.ac6.mcu.externaltools.arm-none.win32_1.7.0.201602121829/tools/compiler/bin/../lib/gcc/arm-none-eabi/5.2.1/armv7e-m/fpu/crtbegin.o
 .ARM.attributes
                0x00000056       0x39 stm32f4xx_hal_tim.o
 .ARM.attributes
                0x0000008f       0x39 Drivers/STM32F4xx_HAL_Driver/stm32f4xx_hal.o
 .ARM.attributes
                0x000000c8       0x39 Drivers/STM32F4xx_HAL_Driver/stm32f4xx_hal_cortex.o
 .ARM.attributes
                0x00000101       0x39 Drivers/STM32F4xx_HAL_Driver/stm32f4xx_hal_dac.o
 .ARM.attributes
                0x0000013a       0x39 Drivers/STM32F4xx_HAL_Driver/stm32f4xx_hal_dac_ex.o
 .ARM.attributes
                0x00000173       0x39 Drivers/STM32F4xx_HAL_Driver/stm32f4xx_hal_dma.o
 .ARM.attributes
                0x000001ac       0x39 Drivers/STM32F4xx_HAL_Driver/stm32f4xx_hal_gpio.o
 .ARM.attributes
                0x000001e5       0x39 Drivers/STM32F4xx_HAL_Driver/stm32f4xx_hal_rcc.o
 .ARM.attributes
                0x0000021e       0x39 Drivers/CMSIS/system_stm32f4xx.o
 .ARM.attributes
                0x00000257       0x39 Application/User/arm_common_tables.o
 .ARM.attributes
                0x00000290       0x39 Application/User/arm_cos_f32.o
 .ARM.attributes
                0x000002c9       0x39 Application/User/arm_sin_f32.o
 .ARM.attributes
                0x00000302       0x39 Application/User/main.o
 .ARM.attributes
                0x0000033b       0x39 Application/User/stm32f4_discovery.o
 .ARM.attributes
                0x00000374       0x39 Application/User/stm32f4xx_hal_i2c.o
 .ARM.attributes
                0x000003ad       0x39 Application/User/stm32f4xx_hal_msp.o
 .ARM.attributes
                0x000003e6       0x39 Application/User/stm32f4xx_hal_spi.o
 .ARM.attributes
                0x0000041f       0x39 Application/User/stm32f4xx_hal_tim_ex.o
 .ARM.attributes
                0x00000458       0x39 Application/User/stm32f4xx_it.o
 .ARM.attributes
                0x00000491       0x21 Application/SW4STM32/startup_stm32f407xx.o
 .ARM.attributes
                0x000004b2       0x22 c:/ac6/systemworkbench/plugins/fr.ac6.mcu.externaltools.arm-none.win32_1.7.0.201602121829/tools/compiler/bin/../lib/gcc/arm-none-eabi/5.2.1/armv7e-m/fpu\libgcc.a(_arm_addsubdf3.o)
 .ARM.attributes
                0x000004d4       0x22 c:/ac6/systemworkbench/plugins/fr.ac6.mcu.externaltools.arm-none.win32_1.7.0.201602121829/tools/compiler/bin/../lib/gcc/arm-none-eabi/5.2.1/armv7e-m/fpu\libgcc.a(_arm_muldivdf3.o)
 .ARM.attributes
                0x000004f6       0x22 c:/ac6/systemworkbench/plugins/fr.ac6.mcu.externaltools.arm-none.win32_1.7.0.201602121829/tools/compiler/bin/../lib/gcc/arm-none-eabi/5.2.1/armv7e-m/fpu\libgcc.a(_arm_fixunsdfsi.o)
 .ARM.attributes
                0x00000518       0x22 c:/ac6/systemworkbench/plugins/fr.ac6.mcu.externaltools.arm-none.win32_1.7.0.201602121829/tools/compiler/bin/../lib/gcc/arm-none-eabi/5.2.1/armv7e-m/fpu\libgcc.a(_arm_truncdfsf2.o)
 .ARM.attributes
                0x0000053a       0x34 c:/ac6/systemworkbench/plugins/fr.ac6.mcu.externaltools.arm-none.win32_1.7.0.201602121829/tools/compiler/bin/../lib/gcc/arm-none-eabi/5.2.1/../../../../arm-none-eabi/lib/armv7e-m/fpu\libc_nano.a(lib_a-init.o)
 .ARM.attributes
                0x0000056e       0x34 c:/ac6/systemworkbench/plugins/fr.ac6.mcu.externaltools.arm-none.win32_1.7.0.201602121829/tools/compiler/bin/../lib/gcc/arm-none-eabi/5.2.1/armv7e-m/fpu/crtend.o
 .ARM.attributes
                0x000005a2       0x22 c:/ac6/systemworkbench/plugins/fr.ac6.mcu.externaltools.arm-none.win32_1.7.0.201602121829/tools/compiler/bin/../lib/gcc/arm-none-eabi/5.2.1/armv7e-m/fpu/crtn.o
OUTPUT(stm32f4DualADCtoSerial Configuration.elf elf32-littlearm)

.debug_info     0x00000000    0x11d44
 .debug_info    0x00000000     0x2eaf stm32f4xx_hal_tim.o
 .debug_info    0x00002eaf      0x8ea Drivers/STM32F4xx_HAL_Driver/stm32f4xx_hal.o
 .debug_info    0x00003799      0xe6a Drivers/STM32F4xx_HAL_Driver/stm32f4xx_hal_cortex.o
 .debug_info    0x00004603      0x991 Drivers/STM32F4xx_HAL_Driver/stm32f4xx_hal_dac.o
 .debug_info    0x00004f94      0x6e6 Drivers/STM32F4xx_HAL_Driver/stm32f4xx_hal_dac_ex.o
 .debug_info    0x0000567a      0x80c Drivers/STM32F4xx_HAL_Driver/stm32f4xx_hal_dma.o
 .debug_info    0x00005e86      0x721 Drivers/STM32F4xx_HAL_Driver/stm32f4xx_hal_gpio.o
 .debug_info    0x000065a7      0xcec Drivers/STM32F4xx_HAL_Driver/stm32f4xx_hal_rcc.o
 .debug_info    0x00007293      0x4b0 Drivers/CMSIS/system_stm32f4xx.o
 .debug_info    0x00007743      0x962 Application/User/arm_common_tables.o
 .debug_info    0x000080a5      0x172 Application/User/arm_cos_f32.o
 .debug_info    0x00008217      0x172 Application/User/arm_sin_f32.o
 .debug_info    0x00008389     0x1a8a Application/User/main.o
 .debug_info    0x00009e13     0x1970 Application/User/stm32f4_discovery.o
 .debug_info    0x0000b783     0x27a3 Application/User/stm32f4xx_hal_i2c.o
 .debug_info    0x0000df26     0x137d Application/User/stm32f4xx_hal_msp.o
 .debug_info    0x0000f2a3     0x1633 Application/User/stm32f4xx_hal_spi.o
 .debug_info    0x000108d6      0xf75 Application/User/stm32f4xx_hal_tim_ex.o
 .debug_info    0x0001184b      0x3e1 Application/User/stm32f4xx_it.o
 .debug_info    0x00011c2c      0x118 Application/SW4STM32/startup_stm32f407xx.o

.debug_abbrev   0x00000000     0x2a18
 .debug_abbrev  0x00000000      0x325 stm32f4xx_hal_tim.o
 .debug_abbrev  0x00000325      0x234 Drivers/STM32F4xx_HAL_Driver/stm32f4xx_hal.o
 .debug_abbrev  0x00000559      0x332 Drivers/STM32F4xx_HAL_Driver/stm32f4xx_hal_cortex.o
 .debug_abbrev  0x0000088b      0x252 Drivers/STM32F4xx_HAL_Driver/stm32f4xx_hal_dac.o
 .debug_abbrev  0x00000add      0x1e5 Drivers/STM32F4xx_HAL_Driver/stm32f4xx_hal_dac_ex.o
 .debug_abbrev  0x00000cc2      0x273 Drivers/STM32F4xx_HAL_Driver/stm32f4xx_hal_dma.o
 .debug_abbrev  0x00000f35      0x1cb Drivers/STM32F4xx_HAL_Driver/stm32f4xx_hal_gpio.o
 .debug_abbrev  0x00001100      0x2ff Drivers/STM32F4xx_HAL_Driver/stm32f4xx_hal_rcc.o
 .debug_abbrev  0x000013ff      0x104 Drivers/CMSIS/system_stm32f4xx.o
 .debug_abbrev  0x00001503       0x85 Application/User/arm_common_tables.o
 .debug_abbrev  0x00001588       0xe1 Application/User/arm_cos_f32.o
 .debug_abbrev  0x00001669       0xe1 Application/User/arm_sin_f32.o
 .debug_abbrev  0x0000174a      0x354 Application/User/main.o
 .debug_abbrev  0x00001a9e      0x372 Application/User/stm32f4_discovery.o
 .debug_abbrev  0x00001e10      0x2bc Application/User/stm32f4xx_hal_i2c.o
 .debug_abbrev  0x000020cc      0x231 Application/User/stm32f4xx_hal_msp.o
 .debug_abbrev  0x000022fd      0x343 Application/User/stm32f4xx_hal_spi.o
 .debug_abbrev  0x00002640      0x273 Application/User/stm32f4xx_hal_tim_ex.o
 .debug_abbrev  0x000028b3      0x153 Application/User/stm32f4xx_it.o
 .debug_abbrev  0x00002a06       0x12 Application/SW4STM32/startup_stm32f407xx.o

.debug_loc      0x00000000     0x9a22
 .debug_loc     0x00000000     0x3146 stm32f4xx_hal_tim.o
 .debug_loc     0x00003146       0x84 Drivers/STM32F4xx_HAL_Driver/stm32f4xx_hal.o
 .debug_loc     0x000031ca      0x4ab Drivers/STM32F4xx_HAL_Driver/stm32f4xx_hal_cortex.o
 .debug_loc     0x00003675      0x691 Drivers/STM32F4xx_HAL_Driver/stm32f4xx_hal_dac.o
 .debug_loc     0x00003d06      0x25b Drivers/STM32F4xx_HAL_Driver/stm32f4xx_hal_dac_ex.o
 .debug_loc     0x00003f61      0x4e2 Drivers/STM32F4xx_HAL_Driver/stm32f4xx_hal_dma.o
 .debug_loc     0x00004443      0x374 Drivers/STM32F4xx_HAL_Driver/stm32f4xx_hal_gpio.o
 .debug_loc     0x000047b7      0x616 Drivers/STM32F4xx_HAL_Driver/stm32f4xx_hal_rcc.o
 .debug_loc     0x00004dcd       0xd7 Drivers/CMSIS/system_stm32f4xx.o
 .debug_loc     0x00004ea4       0x94 Application/User/arm_cos_f32.o
 .debug_loc     0x00004f38      0x102 Application/User/arm_sin_f32.o
 .debug_loc     0x0000503a       0x85 Application/User/main.o
 .debug_loc     0x000050bf      0x3e7 Application/User/stm32f4_discovery.o
 .debug_loc     0x000054a6     0x2a12 Application/User/stm32f4xx_hal_i2c.o
 .debug_loc     0x00007eb8      0x113 Application/User/stm32f4xx_hal_msp.o
 .debug_loc     0x00007fcb     0x129e Application/User/stm32f4xx_hal_spi.o
 .debug_loc     0x00009269      0x7b9 Application/User/stm32f4xx_hal_tim_ex.o

.debug_aranges  0x00000000      0xb48
 .debug_aranges
                0x00000000      0x250 stm32f4xx_hal_tim.o
 .debug_aranges
                0x00000250       0xb8 Drivers/STM32F4xx_HAL_Driver/stm32f4xx_hal.o
 .debug_aranges
                0x00000308       0x98 Drivers/STM32F4xx_HAL_Driver/stm32f4xx_hal_cortex.o
 .debug_aranges
                0x000003a0       0x98 Drivers/STM32F4xx_HAL_Driver/stm32f4xx_hal_dac.o
 .debug_aranges
                0x00000438       0x58 Drivers/STM32F4xx_HAL_Driver/stm32f4xx_hal_dac_ex.o
 .debug_aranges
                0x00000490       0x68 Drivers/STM32F4xx_HAL_Driver/stm32f4xx_hal_dma.o
 .debug_aranges
                0x000004f8       0x58 Drivers/STM32F4xx_HAL_Driver/stm32f4xx_hal_gpio.o
 .debug_aranges
                0x00000550       0x80 Drivers/STM32F4xx_HAL_Driver/stm32f4xx_hal_rcc.o
 .debug_aranges
                0x000005d0       0x28 Drivers/CMSIS/system_stm32f4xx.o
 .debug_aranges
                0x000005f8       0x18 Application/User/arm_common_tables.o
 .debug_aranges
                0x00000610       0x20 Application/User/arm_cos_f32.o
 .debug_aranges
                0x00000630       0x20 Application/User/arm_sin_f32.o
 .debug_aranges
                0x00000650       0x40 Application/User/main.o
 .debug_aranges
                0x00000690       0xa8 Application/User/stm32f4_discovery.o
 .debug_aranges
                0x00000738      0x150 Application/User/stm32f4xx_hal_i2c.o
 .debug_aranges
                0x00000888       0x60 Application/User/stm32f4xx_hal_msp.o
 .debug_aranges
                0x000008e8      0x110 Application/User/stm32f4xx_hal_spi.o
 .debug_aranges
                0x000009f8       0xf0 Application/User/stm32f4xx_hal_tim_ex.o
 .debug_aranges
                0x00000ae8       0x38 Application/User/stm32f4xx_it.o
 .debug_aranges
                0x00000b20       0x28 Application/SW4STM32/startup_stm32f407xx.o

.debug_ranges   0x00000000      0xef8
 .debug_ranges  0x00000000      0x330 stm32f4xx_hal_tim.o
 .debug_ranges  0x00000330       0xa8 Drivers/STM32F4xx_HAL_Driver/stm32f4xx_hal.o
 .debug_ranges  0x000003d8      0x148 Drivers/STM32F4xx_HAL_Driver/stm32f4xx_hal_cortex.o
 .debug_ranges  0x00000520       0x88 Drivers/STM32F4xx_HAL_Driver/stm32f4xx_hal_dac.o
 .debug_ranges  0x000005a8       0x48 Drivers/STM32F4xx_HAL_Driver/stm32f4xx_hal_dac_ex.o
 .debug_ranges  0x000005f0       0x58 Drivers/STM32F4xx_HAL_Driver/stm32f4xx_hal_dma.o
 .debug_ranges  0x00000648       0x70 Drivers/STM32F4xx_HAL_Driver/stm32f4xx_hal_gpio.o
 .debug_ranges  0x000006b8      0x150 Drivers/STM32F4xx_HAL_Driver/stm32f4xx_hal_rcc.o
 .debug_ranges  0x00000808       0x18 Drivers/CMSIS/system_stm32f4xx.o
 .debug_ranges  0x00000820       0x10 Application/User/arm_cos_f32.o
 .debug_ranges  0x00000830       0x10 Application/User/arm_sin_f32.o
 .debug_ranges  0x00000840      0x108 Application/User/main.o
 .debug_ranges  0x00000948      0x1a0 Application/User/stm32f4_discovery.o
 .debug_ranges  0x00000ae8      0x140 Application/User/stm32f4xx_hal_i2c.o
 .debug_ranges  0x00000c28       0x90 Application/User/stm32f4xx_hal_msp.o
 .debug_ranges  0x00000cb8      0x118 Application/User/stm32f4xx_hal_spi.o
 .debug_ranges  0x00000dd0       0xe0 Application/User/stm32f4xx_hal_tim_ex.o
 .debug_ranges  0x00000eb0       0x28 Application/User/stm32f4xx_it.o
 .debug_ranges  0x00000ed8       0x20 Application/SW4STM32/startup_stm32f407xx.o

.debug_macro    0x00000000    0x15db6
 .debug_macro   0x00000000      0x30d stm32f4xx_hal_tim.o
 .debug_macro   0x0000030d      0x8aa stm32f4xx_hal_tim.o
 .debug_macro   0x00000bb7      0x1ae stm32f4xx_hal_tim.o
 .debug_macro   0x00000d65       0x2e stm32f4xx_hal_tim.o
 .debug_macro   0x00000d93       0x28 stm32f4xx_hal_tim.o
 .debug_macro   0x00000dbb       0x22 stm32f4xx_hal_tim.o
 .debug_macro   0x00000ddd       0x44 stm32f4xx_hal_tim.o
 .debug_macro   0x00000e21       0xfd stm32f4xx_hal_tim.o
 .debug_macro   0x00000f1e       0x22 stm32f4xx_hal_tim.o
 .debug_macro   0x00000f40      0x1df stm32f4xx_hal_tim.o
 .debug_macro   0x0000111f       0x35 stm32f4xx_hal_tim.o
 .debug_macro   0x00001154       0x50 stm32f4xx_hal_tim.o
 .debug_macro   0x000011a4      0xe66 stm32f4xx_hal_tim.o
 .debug_macro   0x0000200a     0x929b stm32f4xx_hal_tim.o
 .debug_macro   0x0000b2a5       0x43 stm32f4xx_hal_tim.o
 .debug_macro   0x0000b2e8     0x32ff stm32f4xx_hal_tim.o
 .debug_macro   0x0000e5e7       0x58 stm32f4xx_hal_tim.o
 .debug_macro   0x0000e63f       0x35 stm32f4xx_hal_tim.o
 .debug_macro   0x0000e674       0x9c stm32f4xx_hal_tim.o
 .debug_macro   0x0000e710       0x16 stm32f4xx_hal_tim.o
 .debug_macro   0x0000e726       0x97 stm32f4xx_hal_tim.o
 .debug_macro   0x0000e7bd      0x329 stm32f4xx_hal_tim.o
 .debug_macro   0x0000eae6       0xfd stm32f4xx_hal_tim.o
 .debug_macro   0x0000ebe3       0x10 stm32f4xx_hal_tim.o
 .debug_macro   0x0000ebf3       0x52 stm32f4xx_hal_tim.o
 .debug_macro   0x0000ec45       0x16 stm32f4xx_hal_tim.o
 .debug_macro   0x0000ec5b       0x43 stm32f4xx_hal_tim.o
 .debug_macro   0x0000ec9e      0x187 stm32f4xx_hal_tim.o
 .debug_macro   0x0000ee25       0x10 stm32f4xx_hal_tim.o
 .debug_macro   0x0000ee35       0x22 stm32f4xx_hal_tim.o
 .debug_macro   0x0000ee57       0x3a stm32f4xx_hal_tim.o
 .debug_macro   0x0000ee91       0x10 stm32f4xx_hal_tim.o
 .debug_macro   0x0000eea1       0x40 stm32f4xx_hal_tim.o
 .debug_macro   0x0000eee1       0x65 stm32f4xx_hal_tim.o
 .debug_macro   0x0000ef46       0x16 stm32f4xx_hal_tim.o
 .debug_macro   0x0000ef5c      0x197 stm32f4xx_hal_tim.o
 .debug_macro   0x0000f0f3       0x50 stm32f4xx_hal_tim.o
 .debug_macro   0x0000f143      0x964 stm32f4xx_hal_tim.o
 .debug_macro   0x0000faa7      0x9d4 stm32f4xx_hal_tim.o
 .debug_macro   0x0001047b      0x11e stm32f4xx_hal_tim.o
 .debug_macro   0x00010599      0x13e stm32f4xx_hal_tim.o
 .debug_macro   0x000106d7       0x27 stm32f4xx_hal_tim.o
 .debug_macro   0x000106fe      0x272 stm32f4xx_hal_tim.o
 .debug_macro   0x00010970       0x5f stm32f4xx_hal_tim.o
 .debug_macro   0x000109cf      0x23a stm32f4xx_hal_tim.o
 .debug_macro   0x00010c09       0xe6 stm32f4xx_hal_tim.o
 .debug_macro   0x00010cef       0xa1 stm32f4xx_hal_tim.o
 .debug_macro   0x00010d90       0x3c stm32f4xx_hal_tim.o
 .debug_macro   0x00010dcc      0x13a stm32f4xx_hal_tim.o
 .debug_macro   0x00010f06      0x21e stm32f4xx_hal_tim.o
 .debug_macro   0x00011124       0x2e stm32f4xx_hal_tim.o
 .debug_macro   0x00011152      0x17d stm32f4xx_hal_tim.o
 .debug_macro   0x000112cf       0x9e stm32f4xx_hal_tim.o
 .debug_macro   0x0001136d      0x11e stm32f4xx_hal_tim.o
 .debug_macro   0x0001148b       0x7f stm32f4xx_hal_tim.o
 .debug_macro   0x0001150a       0x89 stm32f4xx_hal_tim.o
 .debug_macro   0x00011593      0x202 stm32f4xx_hal_tim.o
 .debug_macro   0x00011795      0x6d9 stm32f4xx_hal_tim.o
 .debug_macro   0x00011e6e       0x59 stm32f4xx_hal_tim.o
 .debug_macro   0x00011ec7      0x14d stm32f4xx_hal_tim.o
 .debug_macro   0x00012014      0x125 stm32f4xx_hal_tim.o
 .debug_macro   0x00012139      0x35a Drivers/STM32F4xx_HAL_Driver/stm32f4xx_hal.o
 .debug_macro   0x00012493      0x30c Drivers/STM32F4xx_HAL_Driver/stm32f4xx_hal_cortex.o
 .debug_macro   0x0001279f      0x30d Drivers/STM32F4xx_HAL_Driver/stm32f4xx_hal_dac.o
 .debug_macro   0x00012aac      0x30c Drivers/STM32F4xx_HAL_Driver/stm32f4xx_hal_dac_ex.o
 .debug_macro   0x00012db8      0x313 Drivers/STM32F4xx_HAL_Driver/stm32f4xx_hal_dma.o
 .debug_macro   0x000130cb      0x344 Drivers/STM32F4xx_HAL_Driver/stm32f4xx_hal_gpio.o
 .debug_macro   0x0001340f      0x336 Drivers/STM32F4xx_HAL_Driver/stm32f4xx_hal_rcc.o
 .debug_macro   0x00013745      0x312 Drivers/CMSIS/system_stm32f4xx.o
 .debug_macro   0x00013a57      0x173 Application/User/arm_common_tables.o
 .debug_macro   0x00013bca       0x12 Application/User/arm_common_tables.o
 .debug_macro   0x00013bdc      0x174 Application/User/arm_common_tables.o
 .debug_macro   0x00013d50       0x10 Application/User/arm_common_tables.o
 .debug_macro   0x00013d60       0x35 Application/User/arm_common_tables.o
 .debug_macro   0x00013d95      0x1e1 Application/User/arm_common_tables.o
 .debug_macro   0x00013f76       0xd6 Application/User/arm_common_tables.o
 .debug_macro   0x0001404c       0x76 Application/User/arm_common_tables.o
 .debug_macro   0x000140c2      0x173 Application/User/arm_cos_f32.o
 .debug_macro   0x00014235      0x173 Application/User/arm_sin_f32.o
 .debug_macro   0x000143a8      0x37d Application/User/main.o
 .debug_macro   0x00014725      0x1e8 Application/User/main.o
 .debug_macro   0x0001490d       0x16 Application/User/main.o
 .debug_macro   0x00014923       0x16 Application/User/main.o
 .debug_macro   0x00014939      0x339 Application/User/stm32f4_discovery.o
 .debug_macro   0x00014c72      0x1e2 Application/User/stm32f4_discovery.o
 .debug_macro   0x00014e54      0x322 Application/User/stm32f4xx_hal_i2c.o
 .debug_macro   0x00015176      0x30c Application/User/stm32f4xx_hal_msp.o
 .debug_macro   0x00015482      0x312 Application/User/stm32f4xx_hal_spi.o
 .debug_macro   0x00015794      0x30c Application/User/stm32f4xx_hal_tim_ex.o
 .debug_macro   0x00015aa0      0x316 Application/User/stm32f4xx_it.o

.debug_line     0x00000000     0xcf98
 .debug_line    0x00000000     0x16bb stm32f4xx_hal_tim.o
 .debug_line    0x000016bb      0x9e4 Drivers/STM32F4xx_HAL_Driver/stm32f4xx_hal.o
 .debug_line    0x0000209f      0xa59 Drivers/STM32F4xx_HAL_Driver/stm32f4xx_hal_cortex.o
 .debug_line    0x00002af8      0xaa2 Drivers/STM32F4xx_HAL_Driver/stm32f4xx_hal_dac.o
 .debug_line    0x0000359a      0x956 Drivers/STM32F4xx_HAL_Driver/stm32f4xx_hal_dac_ex.o
 .debug_line    0x00003ef0      0xac0 Drivers/STM32F4xx_HAL_Driver/stm32f4xx_hal_dma.o
 .debug_line    0x000049b0      0xa35 Drivers/STM32F4xx_HAL_Driver/stm32f4xx_hal_gpio.o
 .debug_line    0x000053e5      0xba8 Drivers/STM32F4xx_HAL_Driver/stm32f4xx_hal_rcc.o
 .debug_line    0x00005f8d      0x8b5 Drivers/CMSIS/system_stm32f4xx.o
 .debug_line    0x00006842      0x45e Application/User/arm_common_tables.o
 .debug_line    0x00006ca0      0x484 Application/User/arm_cos_f32.o
 .debug_line    0x00007124      0x485 Application/User/arm_sin_f32.o
 .debug_line    0x000075a9      0x9f7 Application/User/main.o
 .debug_line    0x00007fa0      0xad5 Application/User/stm32f4_discovery.o
 .debug_line    0x00008a75     0x1566 Application/User/stm32f4xx_hal_i2c.o
 .debug_line    0x00009fdb      0x96a Application/User/stm32f4xx_hal_msp.o
 .debug_line    0x0000a945     0x1085 Application/User/stm32f4xx_hal_spi.o
 .debug_line    0x0000b9ca      0xc54 Application/User/stm32f4xx_hal_tim_ex.o
 .debug_line    0x0000c61e      0x896 Application/User/stm32f4xx_it.o
 .debug_line    0x0000ceb4       0xe4 Application/SW4STM32/startup_stm32f407xx.o

.debug_str      0x00000000    0x80b27
 .debug_str     0x00000000    0x7b06f stm32f4xx_hal_tim.o
                              0x7b424 (size before relaxing)
 .debug_str     0x0007b06f      0xab3 Drivers/STM32F4xx_HAL_Driver/stm32f4xx_hal.o
                              0x7b01d (size before relaxing)
 .debug_str     0x0007bb22      0x3be Drivers/STM32F4xx_HAL_Driver/stm32f4xx_hal_cortex.o
                              0x7ae8d (size before relaxing)
 .debug_str     0x0007bee0      0x309 Drivers/STM32F4xx_HAL_Driver/stm32f4xx_hal_dac.o
                              0x7aa4f (size before relaxing)
 .debug_str     0x0007c1e9      0x123 Drivers/STM32F4xx_HAL_Driver/stm32f4xx_hal_dac_ex.o
                              0x7a95b (size before relaxing)
 .debug_str     0x0007c30c      0x1da Drivers/STM32F4xx_HAL_Driver/stm32f4xx_hal_dma.o
                              0x7a92e (size before relaxing)
 .debug_str     0x0007c4e6      0x303 Drivers/STM32F4xx_HAL_Driver/stm32f4xx_hal_gpio.o
                              0x7a8aa (size before relaxing)
 .debug_str     0x0007c7e9      0x3c4 Drivers/STM32F4xx_HAL_Driver/stm32f4xx_hal_rcc.o
                              0x7aa40 (size before relaxing)
 .debug_str     0x0007cbad       0xbf Drivers/CMSIS/system_stm32f4xx.o
                              0x7a65b (size before relaxing)
 .debug_str     0x0007cc6c     0x1921 Application/User/arm_common_tables.o
                               0x7aa6 (size before relaxing)
 .debug_str     0x0007e58d       0x99 Application/User/arm_cos_f32.o
                               0x75e4 (size before relaxing)
 .debug_str     0x0007e626       0x8c Application/User/arm_sin_f32.o
                               0x75e4 (size before relaxing)
 .debug_str     0x0007e6b2     0x126e Application/User/main.o
                              0x7d95c (size before relaxing)
 .debug_str     0x0007f920      0x49f Application/User/stm32f4_discovery.o
                              0x7c2c1 (size before relaxing)
 .debug_str     0x0007fdbf      0x517 Application/User/stm32f4xx_hal_i2c.o
                              0x7aea7 (size before relaxing)
 .debug_str     0x000802d6       0xf9 Application/User/stm32f4xx_hal_msp.o
                              0x7b507 (size before relaxing)
 .debug_str     0x000803cf      0x2c0 Application/User/stm32f4xx_hal_spi.o
                              0x7ac7e (size before relaxing)
 .debug_str     0x0008068f      0x3e2 Application/User/stm32f4xx_hal_tim_ex.o
                              0x7ae73 (size before relaxing)
 .debug_str     0x00080a71       0xb6 Application/User/stm32f4xx_it.o
                              0x7a7c8 (size before relaxing)

.comment        0x00000000       0x6e
 .comment       0x00000000       0x6e stm32f4xx_hal_tim.o
                                 0x6f (size before relaxing)
 .comment       0x0000006e       0x6f Drivers/STM32F4xx_HAL_Driver/stm32f4xx_hal.o
 .comment       0x0000006e       0x6f Drivers/STM32F4xx_HAL_Driver/stm32f4xx_hal_cortex.o
 .comment       0x0000006e       0x6f Drivers/STM32F4xx_HAL_Driver/stm32f4xx_hal_dac.o
 .comment       0x0000006e       0x6f Drivers/STM32F4xx_HAL_Driver/stm32f4xx_hal_dac_ex.o
 .comment       0x0000006e       0x6f Drivers/STM32F4xx_HAL_Driver/stm32f4xx_hal_dma.o
 .comment       0x0000006e       0x6f Drivers/STM32F4xx_HAL_Driver/stm32f4xx_hal_gpio.o
 .comment       0x0000006e       0x6f Drivers/STM32F4xx_HAL_Driver/stm32f4xx_hal_rcc.o
 .comment       0x0000006e       0x6f Drivers/CMSIS/system_stm32f4xx.o
 .comment       0x0000006e       0x6f Application/User/arm_common_tables.o
 .comment       0x0000006e       0x6f Application/User/arm_cos_f32.o
 .comment       0x0000006e       0x6f Application/User/arm_sin_f32.o
 .comment       0x0000006e       0x6f Application/User/main.o
 .comment       0x0000006e       0x6f Application/User/stm32f4_discovery.o
 .comment       0x0000006e       0x6f Application/User/stm32f4xx_hal_i2c.o
 .comment       0x0000006e       0x6f Application/User/stm32f4xx_hal_msp.o
 .comment       0x0000006e       0x6f Application/User/stm32f4xx_hal_spi.o
 .comment       0x0000006e       0x6f Application/User/stm32f4xx_hal_tim_ex.o
 .comment       0x0000006e       0x6f Application/User/stm32f4xx_it.o

.debug_frame    0x00000000     0x2218
 .debug_frame   0x00000000      0x854 stm32f4xx_hal_tim.o
 .debug_frame   0x00000854      0x184 Drivers/STM32F4xx_HAL_Driver/stm32f4xx_hal.o
 .debug_frame   0x000009d8      0x130 Drivers/STM32F4xx_HAL_Driver/stm32f4xx_hal_cortex.o
 .debug_frame   0x00000b08      0x1d8 Drivers/STM32F4xx_HAL_Driver/stm32f4xx_hal_dac.o
 .debug_frame   0x00000ce0       0xf0 Drivers/STM32F4xx_HAL_Driver/stm32f4xx_hal_dac_ex.o
 .debug_frame   0x00000dd0      0x120 Drivers/STM32F4xx_HAL_Driver/stm32f4xx_hal_dma.o
 .debug_frame   0x00000ef0       0xd4 Drivers/STM32F4xx_HAL_Driver/stm32f4xx_hal_gpio.o
 .debug_frame   0x00000fc4      0x150 Drivers/STM32F4xx_HAL_Driver/stm32f4xx_hal_rcc.o
 .debug_frame   0x00001114       0x30 Drivers/CMSIS/system_stm32f4xx.o
 .debug_frame   0x00001144       0x20 Application/User/arm_cos_f32.o
 .debug_frame   0x00001164       0x20 Application/User/arm_sin_f32.o
 .debug_frame   0x00001184       0xa0 Application/User/main.o
 .debug_frame   0x00001224      0x1fc Application/User/stm32f4_discovery.o
 .debug_frame   0x00001420      0x58c Application/User/stm32f4xx_hal_i2c.o
 .debug_frame   0x000019ac      0x108 Application/User/stm32f4xx_hal_msp.o
 .debug_frame   0x00001ab4      0x3a8 Application/User/stm32f4xx_hal_spi.o
 .debug_frame   0x00001e5c      0x334 Application/User/stm32f4xx_hal_tim_ex.o
 .debug_frame   0x00002190       0x5c Application/User/stm32f4xx_it.o
 .debug_frame   0x000021ec       0x2c c:/ac6/systemworkbench/plugins/fr.ac6.mcu.externaltools.arm-none.win32_1.7.0.201602121829/tools/compiler/bin/../lib/gcc/arm-none-eabi/5.2.1/../../../../arm-none-eabi/lib/armv7e-m/fpu\libc_nano.a(lib_a-init.o)
