Archive member included to satisfy reference by file (symbol)

c:/ac6/systemworkbench/plugins/fr.ac6.mcu.externaltools.arm-none.win32_1.7.0.201602121829/tools/compiler/bin/../lib/gcc/arm-none-eabi/5.2.1/armv7e-m/fpu\libgcc.a(_arm_addsubdf3.o)
                              Application/User/main.o (__aeabi_dadd)
c:/ac6/systemworkbench/plugins/fr.ac6.mcu.externaltools.arm-none.win32_1.7.0.201602121829/tools/compiler/bin/../lib/gcc/arm-none-eabi/5.2.1/armv7e-m/fpu\libgcc.a(_arm_muldivdf3.o)
                              Application/User/main.o (__aeabi_dmul)
c:/ac6/systemworkbench/plugins/fr.ac6.mcu.externaltools.arm-none.win32_1.7.0.201602121829/tools/compiler/bin/../lib/gcc/arm-none-eabi/5.2.1/armv7e-m/fpu\libgcc.a(_arm_fixunsdfsi.o)
                              Application/User/main.o (__aeabi_d2uiz)
c:/ac6/systemworkbench/plugins/fr.ac6.mcu.externaltools.arm-none.win32_1.7.0.201602121829/tools/compiler/bin/../lib/gcc/arm-none-eabi/5.2.1/armv7e-m/fpu\libgcc.a(_arm_truncdfsf2.o)
                              Application/User/main.o (__aeabi_d2f)
c:/ac6/systemworkbench/plugins/fr.ac6.mcu.externaltools.arm-none.win32_1.7.0.201602121829/tools/compiler/bin/../lib/gcc/arm-none-eabi/5.2.1/../../../../arm-none-eabi/lib/armv7e-m/fpu\libc_nano.a(lib_a-exit.o)
                              c:/ac6/systemworkbench/plugins/fr.ac6.mcu.externaltools.arm-none.win32_1.7.0.201602121829/tools/compiler/bin/../lib/gcc/arm-none-eabi/5.2.1/../../../../arm-none-eabi/lib/armv7e-m/fpu/crt0.o (exit)
c:/ac6/systemworkbench/plugins/fr.ac6.mcu.externaltools.arm-none.win32_1.7.0.201602121829/tools/compiler/bin/../lib/gcc/arm-none-eabi/5.2.1/../../../../arm-none-eabi/lib/armv7e-m/fpu\libc_nano.a(lib_a-impure.o)
                              c:/ac6/systemworkbench/plugins/fr.ac6.mcu.externaltools.arm-none.win32_1.7.0.201602121829/tools/compiler/bin/../lib/gcc/arm-none-eabi/5.2.1/../../../../arm-none-eabi/lib/armv7e-m/fpu\libc_nano.a(lib_a-exit.o) (_global_impure_ptr)
c:/ac6/systemworkbench/plugins/fr.ac6.mcu.externaltools.arm-none.win32_1.7.0.201602121829/tools/compiler/bin/../lib/gcc/arm-none-eabi/5.2.1/../../../../arm-none-eabi/lib/armv7e-m/fpu\libc_nano.a(lib_a-init.o)
                              c:/ac6/systemworkbench/plugins/fr.ac6.mcu.externaltools.arm-none.win32_1.7.0.201602121829/tools/compiler/bin/../lib/gcc/arm-none-eabi/5.2.1/../../../../arm-none-eabi/lib/armv7e-m/fpu/crt0.o (__libc_init_array)
c:/ac6/systemworkbench/plugins/fr.ac6.mcu.externaltools.arm-none.win32_1.7.0.201602121829/tools/compiler/bin/../lib/gcc/arm-none-eabi/5.2.1/../../../../arm-none-eabi/lib/armv7e-m/fpu\libc_nano.a(lib_a-memset.o)
                              c:/ac6/systemworkbench/plugins/fr.ac6.mcu.externaltools.arm-none.win32_1.7.0.201602121829/tools/compiler/bin/../lib/gcc/arm-none-eabi/5.2.1/../../../../arm-none-eabi/lib/armv7e-m/fpu/crt0.o (memset)
c:/ac6/systemworkbench/plugins/fr.ac6.mcu.externaltools.arm-none.win32_1.7.0.201602121829/tools/compiler/bin/../lib/gcc/arm-none-eabi/5.2.1/../../../../arm-none-eabi/lib/armv7e-m/fpu\libnosys.a(_exit.o)
                              c:/ac6/systemworkbench/plugins/fr.ac6.mcu.externaltools.arm-none.win32_1.7.0.201602121829/tools/compiler/bin/../lib/gcc/arm-none-eabi/5.2.1/../../../../arm-none-eabi/lib/armv7e-m/fpu\libc_nano.a(lib_a-exit.o) (_exit)

Allocating common symbols
Common symbol       size              file

hadc2               0x44              Application/User/main.o
hi2c1               0x3c              Application/User/main.o
pFlash              0x20              Drivers/STM32F4xx_HAL_Driver/stm32f4xx_hal_flash.o
hadc1               0x44              Application/User/main.o
i                   0x4               Application/User/main.o
hdac                0x14              Application/User/main.o
hdma_adc1           0x58              Application/User/main.o
htim6               0x3c              Application/User/main.o
aRxBuffer           0x8               Application/User/main.o
hdma_dac2           0x58              Application/User/main.o
voltageStruct       0x10              Application/User/main.o

Discarded input sections

 .text          0x00000000        0x0 c:/ac6/systemworkbench/plugins/fr.ac6.mcu.externaltools.arm-none.win32_1.7.0.201602121829/tools/compiler/bin/../lib/gcc/arm-none-eabi/5.2.1/armv7e-m/fpu/crti.o
 .data          0x00000000        0x0 c:/ac6/systemworkbench/plugins/fr.ac6.mcu.externaltools.arm-none.win32_1.7.0.201602121829/tools/compiler/bin/../lib/gcc/arm-none-eabi/5.2.1/armv7e-m/fpu/crti.o
 .bss           0x00000000        0x0 c:/ac6/systemworkbench/plugins/fr.ac6.mcu.externaltools.arm-none.win32_1.7.0.201602121829/tools/compiler/bin/../lib/gcc/arm-none-eabi/5.2.1/armv7e-m/fpu/crti.o
 .data          0x00000000        0x4 c:/ac6/systemworkbench/plugins/fr.ac6.mcu.externaltools.arm-none.win32_1.7.0.201602121829/tools/compiler/bin/../lib/gcc/arm-none-eabi/5.2.1/armv7e-m/fpu/crtbegin.o
[...]
Memory Configuration

Name             Origin             Length             Attributes
FLASH            0x08000000         0x00100000         xr
RAM              0x20000000         0x00020000         xrw
CCMRAM           0x10000000         0x00010000         rw
*default*        0x00000000         0xffffffff

Linker script and memory map

LOAD c:/ac6/systemworkbench/plugins/fr.ac6.mcu.externaltools.arm-none.win32_1.7.0.201602121829/tools/compiler/bin/../lib/gcc/arm-none-eabi/5.2.1/armv7e-m/fpu/crti.o
LOAD c:/ac6/systemworkbench/plugins/fr.ac6.mcu.externaltools.arm-none.win32_1.7.0.201602121829/tools/compiler/bin/../lib/gcc/arm-none-eabi/5.2.1/armv7e-m/fpu/crtbegin.o
LOAD c:/ac6/systemworkbench/plugins/fr.ac6.mcu.externaltools.arm-none.win32_1.7.0.201602121829/tools/compiler/bin/../lib/gcc/arm-none-eabi/5.2.1/../../../../arm-none-eabi/lib/armv7e-m/fpu/crt0.o
LOAD c:/ac6/systemworkbench/plugins/fr.ac6.mcu.externaltools.arm-none.win32_1.7.0.201602121829/tools/compiler/bin/../lib/gcc/arm-none-eabi/5.2.1/../../../../arm-none-eabi/lib/armv7e-m/fpu\libm.a
LOAD stm32f4xx_hal_tim.o
LOAD Drivers/STM32F4xx_HAL_Driver/stm32f4xx_hal.o
LOAD Drivers/STM32F4xx_HAL_Driver/stm32f4xx_hal_adc.o
LOAD Drivers/STM32F4xx_HAL_Driver/stm32f4xx_hal_adc_ex.o
LOAD Drivers/STM32F4xx_HAL_Driver/stm32f4xx_hal_cortex.o
LOAD Drivers/STM32F4xx_HAL_Driver/stm32f4xx_hal_dac.o
LOAD Drivers/STM32F4xx_HAL_Driver/stm32f4xx_hal_dac_ex.o
LOAD Drivers/STM32F4xx_HAL_Driver/stm32f4xx_hal_dma.o
LOAD Drivers/STM32F4xx_HAL_Driver/stm32f4xx_hal_dma_ex.o
LOAD Drivers/STM32F4xx_HAL_Driver/stm32f4xx_hal_flash.o
LOAD Drivers/STM32F4xx_HAL_Driver/stm32f4xx_hal_flash_ex.o
LOAD Drivers/STM32F4xx_HAL_Driver/stm32f4xx_hal_flash_ramfunc.o
LOAD Drivers/STM32F4xx_HAL_Driver/stm32f4xx_hal_gpio.o
LOAD Drivers/STM32F4xx_HAL_Driver/stm32f4xx_hal_pwr.o
LOAD Drivers/STM32F4xx_HAL_Driver/stm32f4xx_hal_pwr_ex.o
LOAD Drivers/STM32F4xx_HAL_Driver/stm32f4xx_hal_rcc.o
LOAD Drivers/STM32F4xx_HAL_Driver/stm32f4xx_hal_rcc_ex.o
LOAD Drivers/STM32F4xx_HAL_Driver/stm32f4xx_hal_uart.o
LOAD Drivers/CMSIS/system_stm32f4xx.o
LOAD Application/User/arm_common_tables.o
LOAD Application/User/arm_cos_f32.o
LOAD Application/User/arm_sin_f32.o
LOAD Application/User/main.o
LOAD Application/User/stm32f4_discovery.o
LOAD Application/User/stm32f4xx_hal_i2c.o
LOAD Application/User/stm32f4xx_hal_msp.o
LOAD Application/User/stm32f4xx_hal_spi.o
LOAD Application/User/stm32f4xx_hal_tim_ex.o
LOAD Application/User/stm32f4xx_it.o
LOAD Application/SW4STM32/startup_stm32f407xx.o
START GROUP
LOAD c:/ac6/systemworkbench/plugins/fr.ac6.mcu.externaltools.arm-none.win32_1.7.0.201602121829/tools/compiler/bin/../lib/gcc/arm-none-eabi/5.2.1/armv7e-m/fpu\libgcc.a
LOAD c:/ac6/systemworkbench/plugins/fr.ac6.mcu.externaltools.arm-none.win32_1.7.0.201602121829/tools/compiler/bin/../lib/gcc/arm-none-eabi/5.2.1/../../../../arm-none-eabi/lib/armv7e-m/fpu\libc_nano.a
END GROUP
START GROUP
LOAD c:/ac6/systemworkbench/plugins/fr.ac6.mcu.externaltools.arm-none.win32_1.7.0.201602121829/tools/compiler/bin/../lib/gcc/arm-none-eabi/5.2.1/armv7e-m/fpu\libgcc.a
LOAD c:/ac6/systemworkbench/plugins/fr.ac6.mcu.externaltools.arm-none.win32_1.7.0.201602121829/tools/compiler/bin/../lib/gcc/arm-none-eabi/5.2.1/../../../../arm-none-eabi/lib/armv7e-m/fpu\libc_nano.a
LOAD c:/ac6/systemworkbench/plugins/fr.ac6.mcu.externaltools.arm-none.win32_1.7.0.201602121829/tools/compiler/bin/../lib/gcc/arm-none-eabi/5.2.1/../../../../arm-none-eabi/lib/armv7e-m/fpu\libnosys.a
END GROUP
START GROUP
LOAD c:/ac6/systemworkbench/plugins/fr.ac6.mcu.externaltools.arm-none.win32_1.7.0.201602121829/tools/compiler/bin/../lib/gcc/arm-none-eabi/5.2.1/armv7e-m/fpu\libgcc.a
LOAD c:/ac6/systemworkbench/plugins/fr.ac6.mcu.externaltools.arm-none.win32_1.7.0.201602121829/tools/compiler/bin/../lib/gcc/arm-none-eabi/5.2.1/../../../../arm-none-eabi/lib/armv7e-m/fpu\libc_nano.a
LOAD c:/ac6/systemworkbench/plugins/fr.ac6.mcu.externaltools.arm-none.win32_1.7.0.201602121829/tools/compiler/bin/../lib/gcc/arm-none-eabi/5.2.1/../../../../arm-none-eabi/lib/armv7e-m/fpu\libnosys.a
END GROUP
LOAD c:/ac6/systemworkbench/plugins/fr.ac6.mcu.externaltools.arm-none.win32_1.7.0.201602121829/tools/compiler/bin/../lib/gcc/arm-none-eabi/5.2.1/armv7e-m/fpu/crtend.o
LOAD c:/ac6/systemworkbench/plugins/fr.ac6.mcu.externaltools.arm-none.win32_1.7.0.201602121829/tools/compiler/bin/../lib/gcc/arm-none-eabi/5.2.1/armv7e-m/fpu/crtn.o
                0x20020000                _estack = 0x20020000
                0x00000200                _Min_Heap_Size = 0x200
                0x00000400                _Min_Stack_Size = 0x400

.isr_vector     0x08000000      0x188
                0x08000000                . = ALIGN (0x4)
 *(.isr_vector)
 .isr_vector    0x08000000      0x188 Application/SW4STM32/startup_stm32f407xx.o
                0x08000000                g_pfnVectors
                0x08000188                . = ALIGN (0x4)

.text           0x08000188     0x2718
                0x08000188                . = ALIGN (0x4)
 *(.text)
 .text          0x08000188       0xa4 c:/ac6/systemworkbench/plugins/fr.ac6.mcu.externaltools.arm-none.win32_1.7.0.201602121829/tools/compiler/bin/../lib/gcc/arm-none-eabi/5.2.1/armv7e-m/fpu/crtbegin.o
 .text          0x0800022c      0x370 c:/ac6/systemworkbench/plugins/fr.ac6.mcu.externaltools.arm-none.win32_1.7.0.201602121829/tools/compiler/bin/../lib/gcc/arm-none-eabi/5.2.1/armv7e-m/fpu\libgcc.a(_arm_addsubdf3.o)
                0x0800022c                __aeabi_drsub
                0x08000234                __aeabi_dsub
                0x08000234                __subdf3
                0x08000238                __aeabi_dadd
                0x08000238                __adddf3
                0x080004b0                __floatunsidf
                0x080004b0                __aeabi_ui2d
                0x080004d0                __floatsidf
                0x080004d0                __aeabi_i2d
                0x080004f4                __aeabi_f2d
                0x080004f4                __extendsfdf2
                0x08000530                __floatundidf
                0x08000530                __aeabi_ul2d
                0x08000540                __floatdidf
                0x08000540                __aeabi_l2d
 .text          0x0800059c      0x424 c:/ac6/systemworkbench/plugins/fr.ac6.mcu.externaltools.arm-none.win32_1.7.0.201602121829/tools/compiler/bin/../lib/gcc/arm-none-eabi/5.2.1/armv7e-m/fpu\libgcc.a(_arm_muldivdf3.o)
                0x0800059c                __aeabi_dmul
                0x0800059c                __muldf3
                0x080007f0                __divdf3
                0x080007f0                __aeabi_ddiv
 .text          0x080009c0       0x40 c:/ac6/systemworkbench/plugins/fr.ac6.mcu.externaltools.arm-none.win32_1.7.0.201602121829/tools/compiler/bin/../lib/gcc/arm-none-eabi/5.2.1/armv7e-m/fpu\libgcc.a(_arm_fixunsdfsi.o)
                0x080009c0                __aeabi_d2uiz
                0x080009c0                __fixunsdfsi
 .text          0x08000a00       0xa0 c:/ac6/systemworkbench/plugins/fr.ac6.mcu.externaltools.arm-none.win32_1.7.0.201602121829/tools/compiler/bin/../lib/gcc/arm-none-eabi/5.2.1/armv7e-m/fpu\libgcc.a(_arm_truncdfsf2.o)
                0x08000a00                __truncdfsf2
                0x08000a00                __aeabi_d2f
 *(.text*)
 .text.HAL_TIM_Base_Start
                0x08000aa0       0x1a stm32f4xx_hal_tim.o
                0x08000aa0                HAL_TIM_Base_Start
 *fill*         0x08000aba        0x2 
 .text.TIM_Base_SetConfig
                0x08000abc       0xc8 stm32f4xx_hal_tim.o
                0x08000abc                TIM_Base_SetConfig
 .text.HAL_TIM_Base_Init
                0x08000b84       0x34 stm32f4xx_hal_tim.o
                0x08000b84                HAL_TIM_Base_Init
 .text.HAL_InitTick
                0x08000bb8       0x24 Drivers/STM32F4xx_HAL_Driver/stm32f4xx_hal.o
                0x08000bb8                HAL_InitTick
 .text.HAL_Init
                0x08000bdc       0x34 Drivers/STM32F4xx_HAL_Driver/stm32f4xx_hal.o
                0x08000bdc                HAL_Init
 .text.HAL_IncTick
                0x08000c10       0x10 Drivers/STM32F4xx_HAL_Driver/stm32f4xx_hal.o
                0x08000c10                HAL_IncTick
 .text.HAL_GetTick
                0x08000c20        0xc Drivers/STM32F4xx_HAL_Driver/stm32f4xx_hal.o
                0x08000c20                HAL_GetTick
 .text.HAL_ADC_Init
                0x08000c2c      0x138 Drivers/STM32F4xx_HAL_Driver/stm32f4xx_hal_adc.o
                0x08000c2c                HAL_ADC_Init
 .text.HAL_ADC_Start
                0x08000d64       0xa8 Drivers/STM32F4xx_HAL_Driver/stm32f4xx_hal_adc.o
                0x08000d64                HAL_ADC_Start
 .text.HAL_ADC_ErrorCallback
                0x08000e0c        0x2 Drivers/STM32F4xx_HAL_Driver/stm32f4xx_hal_adc.o
                0x08000e0c                HAL_ADC_ErrorCallback
 *fill*         0x08000e0e        0x2 
 .text.HAL_ADC_ConfigChannel
                0x08000e10      0x12c Drivers/STM32F4xx_HAL_Driver/stm32f4xx_hal_adc.o
                0x08000e10                HAL_ADC_ConfigChannel
 .text.HAL_ADC_AnalogWDGConfig
                0x08000f3c       0x5e Drivers/STM32F4xx_HAL_Driver/stm32f4xx_hal_adc.o
                0x08000f3c                HAL_ADC_AnalogWDGConfig
 .text.ADC_MultiModeDMAError
                0x08000f9a       0x14 Drivers/STM32F4xx_HAL_Driver/stm32f4xx_hal_adc_ex.o
 .text.ADC_MultiModeDMAHalfConvCplt
                0x08000fae        0x6 Drivers/STM32F4xx_HAL_Driver/stm32f4xx_hal_adc_ex.o
 .text.ADC_MultiModeDMAConvCplt
                0x08000fb4       0x16 Drivers/STM32F4xx_HAL_Driver/stm32f4xx_hal_adc_ex.o
 *fill*         0x08000fca        0x2 
 .text.HAL_ADCEx_MultiModeStart_DMA
                0x08000fcc       0xbc Drivers/STM32F4xx_HAL_Driver/stm32f4xx_hal_adc_ex.o
                0x08000fcc                HAL_ADCEx_MultiModeStart_DMA
 .text.HAL_ADCEx_MultiModeConfigChannel
                0x08001088       0x50 Drivers/STM32F4xx_HAL_Driver/stm32f4xx_hal_adc_ex.o
                0x08001088                HAL_ADCEx_MultiModeConfigChannel
 .text.HAL_NVIC_SetPriorityGrouping
                0x080010d8       0x24 Drivers/STM32F4xx_HAL_Driver/stm32f4xx_hal_cortex.o
                0x080010d8                HAL_NVIC_SetPriorityGrouping
 .text.HAL_NVIC_SetPriority
                0x080010fc       0x68 Drivers/STM32F4xx_HAL_Driver/stm32f4xx_hal_cortex.o
                0x080010fc                HAL_NVIC_SetPriority
 .text.HAL_NVIC_EnableIRQ
                0x08001164       0x18 Drivers/STM32F4xx_HAL_Driver/stm32f4xx_hal_cortex.o
                0x08001164                HAL_NVIC_EnableIRQ
 .text.HAL_SYSTICK_Config
                0x0800117c       0x2c Drivers/STM32F4xx_HAL_Driver/stm32f4xx_hal_cortex.o
                0x0800117c                HAL_SYSTICK_Config
 .text.HAL_SYSTICK_CLKSourceConfig
                0x080011a8       0x18 Drivers/STM32F4xx_HAL_Driver/stm32f4xx_hal_cortex.o
                0x080011a8                HAL_SYSTICK_CLKSourceConfig
 .text.HAL_SYSTICK_Callback
                0x080011c0        0x2 Drivers/STM32F4xx_HAL_Driver/stm32f4xx_hal_cortex.o
                0x080011c0                HAL_SYSTICK_Callback
 .text.HAL_SYSTICK_IRQHandler
                0x080011c2        0x8 Drivers/STM32F4xx_HAL_Driver/stm32f4xx_hal_cortex.o
                0x080011c2                HAL_SYSTICK_IRQHandler
 .text.HAL_DAC_Init
                0x080011ca       0x26 Drivers/STM32F4xx_HAL_Driver/stm32f4xx_hal_dac.o
                0x080011ca                HAL_DAC_Init
 .text.HAL_DAC_Start_DMA
                0x080011f0       0xc8 Drivers/STM32F4xx_HAL_Driver/stm32f4xx_hal_dac.o
                0x080011f0                HAL_DAC_Start_DMA
 .text.HAL_DAC_ConvCpltCallbackCh1
                0x080012b8        0x2 Drivers/STM32F4xx_HAL_Driver/stm32f4xx_hal_dac.o
                0x080012b8                HAL_DAC_ConvCpltCallbackCh1
 .text.DAC_DMAConvCpltCh1
                0x080012ba       0x10 Drivers/STM32F4xx_HAL_Driver/stm32f4xx_hal_dac.o
 .text.HAL_DAC_ConvHalfCpltCallbackCh1
                0x080012ca        0x2 Drivers/STM32F4xx_HAL_Driver/stm32f4xx_hal_dac.o
                0x080012ca                HAL_DAC_ConvHalfCpltCallbackCh1
 .text.DAC_DMAHalfConvCpltCh1
                0x080012cc        0xa Drivers/STM32F4xx_HAL_Driver/stm32f4xx_hal_dac.o
 .text.HAL_DAC_ErrorCallbackCh1
                0x080012d6        0x2 Drivers/STM32F4xx_HAL_Driver/stm32f4xx_hal_dac.o
                0x080012d6                HAL_DAC_ErrorCallbackCh1
 .text.DAC_DMAErrorCh1
                0x080012d8       0x18 Drivers/STM32F4xx_HAL_Driver/stm32f4xx_hal_dac.o
 .text.HAL_DAC_ConfigChannel
                0x080012f0       0x42 Drivers/STM32F4xx_HAL_Driver/stm32f4xx_hal_dac.o
                0x080012f0                HAL_DAC_ConfigChannel
 .text.HAL_DACEx_ConvCpltCallbackCh2
                0x08001332        0x2 Drivers/STM32F4xx_HAL_Driver/stm32f4xx_hal_dac_ex.o
                0x08001332                HAL_DACEx_ConvCpltCallbackCh2
 .text.HAL_DACEx_ConvHalfCpltCallbackCh2
                0x08001334        0x2 Drivers/STM32F4xx_HAL_Driver/stm32f4xx_hal_dac_ex.o
                0x08001334                HAL_DACEx_ConvHalfCpltCallbackCh2
 .text.HAL_DACEx_ErrorCallbackCh2
                0x08001336        0x2 Drivers/STM32F4xx_HAL_Driver/stm32f4xx_hal_dac_ex.o
                0x08001336                HAL_DACEx_ErrorCallbackCh2
 .text.DAC_DMAConvCpltCh2
                0x08001338       0x10 Drivers/STM32F4xx_HAL_Driver/stm32f4xx_hal_dac_ex.o
                0x08001338                DAC_DMAConvCpltCh2
 .text.DAC_DMAHalfConvCpltCh2
                0x08001348        0xa Drivers/STM32F4xx_HAL_Driver/stm32f4xx_hal_dac_ex.o
                0x08001348                DAC_DMAHalfConvCpltCh2
 .text.DAC_DMAErrorCh2
                0x08001352       0x18 Drivers/STM32F4xx_HAL_Driver/stm32f4xx_hal_dac_ex.o
                0x08001352                DAC_DMAErrorCh2
 *fill*         0x0800136a        0x2 
 .text.DMA_CalcBaseAndBitshift
                0x0800136c       0x2c Drivers/STM32F4xx_HAL_Driver/stm32f4xx_hal_dma.o
 .text.HAL_DMA_Init
                0x08001398       0x74 Drivers/STM32F4xx_HAL_Driver/stm32f4xx_hal_dma.o
                0x08001398                HAL_DMA_Init
 .text.HAL_DMA_Start_IT
                0x0800140c       0x5a Drivers/STM32F4xx_HAL_Driver/stm32f4xx_hal_dma.o
                0x0800140c                HAL_DMA_Start_IT
 *fill*         0x08001466        0x2 
 .text.HAL_DMA_IRQHandler
                0x08001468      0x164 Drivers/STM32F4xx_HAL_Driver/stm32f4xx_hal_dma.o
                0x08001468                HAL_DMA_IRQHandler
 .text.HAL_GPIO_Init
                0x080015cc      0x1cc Drivers/STM32F4xx_HAL_Driver/stm32f4xx_hal_gpio.o
                0x080015cc                HAL_GPIO_Init
 .text.HAL_GPIO_WritePin
                0x08001798        0x8 Drivers/STM32F4xx_HAL_Driver/stm32f4xx_hal_gpio.o
                0x08001798                HAL_GPIO_WritePin
 .text.HAL_RCC_OscConfig
                0x080017a0      0x314 Drivers/STM32F4xx_HAL_Driver/stm32f4xx_hal_rcc.o
                0x080017a0                HAL_RCC_OscConfig
 .text.HAL_RCC_ClockConfig
                0x08001ab4      0x1f8 Drivers/STM32F4xx_HAL_Driver/stm32f4xx_hal_rcc.o
                0x08001ab4                HAL_RCC_ClockConfig
 .text.HAL_RCC_GetSysClockFreq
                0x08001cac       0x7c Drivers/STM32F4xx_HAL_Driver/stm32f4xx_hal_rcc.o
                0x08001cac                HAL_RCC_GetSysClockFreq
 .text.HAL_RCC_GetHCLKFreq
                0x08001d28       0x34 Drivers/STM32F4xx_HAL_Driver/stm32f4xx_hal_rcc.o
                0x08001d28                HAL_RCC_GetHCLKFreq
 .text.HAL_RCC_GetPCLK1Freq
                0x08001d5c       0x2c Drivers/STM32F4xx_HAL_Driver/stm32f4xx_hal_rcc.o
                0x08001d5c                HAL_RCC_GetPCLK1Freq
 .text.SystemInit
                0x08001d88       0x4c Drivers/CMSIS/system_stm32f4xx.o
                0x08001d88                SystemInit
 .text.arm_cos_f32
                0x08001dd4       0x7c Application/User/arm_cos_f32.o
                0x08001dd4                arm_cos_f32
 .text.arm_sin_f32
                0x08001e50       0x84 Application/User/arm_sin_f32.o
                0x08001e50                arm_sin_f32
 .text.Error_Handler
                0x08001ed4        0xa Application/User/main.o
 *fill*         0x08001ede        0x2 
 .text.broadcastVoltage
                0x08001ee0       0x20 Application/User/main.o
                0x08001ee0                broadcastVoltage
 .text.SystemClock_Config
                0x08001f00       0xa4 Application/User/main.o
                0x08001f00                SystemClock_Config
 *fill*         0x08001fa4        0x4 
 .text.startup.main
                0x08001fa8      0x3b4 Application/User/main.o
                0x08001fa8                main
 .text.processAdcPacket
                0x0800235c       0x90 Application/User/main.o
                0x0800235c                processAdcPacket
 .text.HAL_ADC_ConvCpltCallback
                0x080023ec        0x8 Application/User/main.o
                0x080023ec                HAL_ADC_ConvCpltCallback
 .text.HAL_ADC_ConvHalfCpltCallback
                0x080023f4        0x8 Application/User/main.o
                0x080023f4                HAL_ADC_ConvHalfCpltCallback
 .text.BSP_LED_Init
                0x080023fc       0xb0 Application/User/stm32f4_discovery.o
                0x080023fc                BSP_LED_Init
 .text.BSP_LED_On
                0x080024ac       0x1c Application/User/stm32f4_discovery.o
                0x080024ac                BSP_LED_On
 .text.HAL_I2C_Init
                0x080024c8       0xd8 Application/User/stm32f4xx_hal_i2c.o
                0x080024c8                HAL_I2C_Init
 .text.HAL_MspInit
                0x080025a0       0x18 Application/User/stm32f4xx_hal_msp.o
                0x080025a0                HAL_MspInit
 .text.HAL_ADC_MspInit
                0x080025b8       0xbc Application/User/stm32f4xx_hal_msp.o
                0x080025b8                HAL_ADC_MspInit
 .text.HAL_DAC_MspInit
                0x08002674       0x84 Application/User/stm32f4xx_hal_msp.o
                0x08002674                HAL_DAC_MspInit
 .text.HAL_I2C_MspInit
                0x080026f8       0x54 Application/User/stm32f4xx_hal_msp.o
                0x080026f8                HAL_I2C_MspInit
 .text.HAL_TIM_Base_MspInit
                0x0800274c       0x30 Application/User/stm32f4xx_hal_msp.o
                0x0800274c                HAL_TIM_Base_MspInit
 .text.HAL_TIMEx_MasterConfigSynchronization
                0x0800277c       0x44 Application/User/stm32f4xx_hal_tim_ex.o
                0x0800277c                HAL_TIMEx_MasterConfigSynchronization
 .text.SysTick_Handler
                0x080027c0        0xe Application/User/stm32f4xx_it.o
                0x080027c0                SysTick_Handler
 *fill*         0x080027ce        0x2 
 .text.DMA1_Stream6_IRQHandler
                0x080027d0        0xc Application/User/stm32f4xx_it.o
                0x080027d0                DMA1_Stream6_IRQHandler
 .text.DMA2_Stream0_IRQHandler
                0x080027dc        0xc Application/User/stm32f4xx_it.o
                0x080027dc                DMA2_Stream0_IRQHandler
 .text.Reset_Handler
                0x080027e8       0x50 Application/SW4STM32/startup_stm32f407xx.o
                0x080027e8                Reset_Handler
 .text.Default_Handler
                0x08002838        0x2 Application/SW4STM32/startup_stm32f407xx.o
                0x08002838                RTC_Alarm_IRQHandler
                0x08002838                HASH_RNG_IRQHandler
                0x08002838                EXTI2_IRQHandler
                0x08002838                TIM8_CC_IRQHandler
                0x08002838                DebugMon_Handler
                0x08002838                TIM1_CC_IRQHandler
                0x08002838                DMA2_Stream5_IRQHandler
                0x08002838                HardFault_Handler
                0x08002838                DMA1_Stream5_IRQHandler
                0x08002838                PVD_IRQHandler
                0x08002838                SDIO_IRQHandler
                0x08002838                TAMP_STAMP_IRQHandler
                0x08002838                PendSV_Handler
                0x08002838                NMI_Handler
                0x08002838                CAN2_RX1_IRQHandler
                0x08002838                EXTI3_IRQHandler
                0x08002838                TIM8_TRG_COM_TIM14_IRQHandler
                0x08002838                TIM1_UP_TIM10_IRQHandler
                0x08002838                TIM8_UP_TIM13_IRQHandler
                0x08002838                I2C3_ER_IRQHandler
                0x08002838                EXTI0_IRQHandler
                0x08002838                I2C2_EV_IRQHandler
                0x08002838                DMA1_Stream2_IRQHandler
                0x08002838                CAN1_RX0_IRQHandler
                0x08002838                FPU_IRQHandler
                0x08002838                OTG_HS_WKUP_IRQHandler
                0x08002838                UsageFault_Handler
                0x08002838                CAN2_SCE_IRQHandler
                0x08002838                DMA2_Stream2_IRQHandler
                0x08002838                SPI1_IRQHandler
                0x08002838                TIM6_DAC_IRQHandler
                0x08002838                TIM1_BRK_TIM9_IRQHandler
                0x08002838                DCMI_IRQHandler
                0x08002838                CAN2_RX0_IRQHandler
                0x08002838                DMA2_Stream3_IRQHandler
                0x08002838                USART6_IRQHandler
                0x08002838                USART3_IRQHandler
                0x08002838                CAN1_RX1_IRQHandler
                0x08002838                UART5_IRQHandler
                0x08002838                TIM4_IRQHandler
                0x08002838                I2C1_EV_IRQHandler
                0x08002838                DMA1_Stream1_IRQHandler
                0x08002838                UART4_IRQHandler
                0x08002838                TIM3_IRQHandler
                0x08002838                RCC_IRQHandler
                0x08002838                TIM8_BRK_TIM12_IRQHandler
                0x08002838                Default_Handler
                0x08002838                EXTI15_10_IRQHandler
                0x08002838                ADC_IRQHandler
                0x08002838                DMA1_Stream7_IRQHandler
                0x08002838                TIM7_IRQHandler
                0x08002838                CAN2_TX_IRQHandler
                0x08002838                TIM5_IRQHandler
                0x08002838                DMA2_Stream7_IRQHandler
                0x08002838                I2C3_EV_IRQHandler
                0x08002838                EXTI9_5_IRQHandler
                0x08002838                RTC_WKUP_IRQHandler
                0x08002838                ETH_WKUP_IRQHandler
                0x08002838                SPI2_IRQHandler
                0x08002838                OTG_HS_EP1_IN_IRQHandler
                0x08002838                MemManage_Handler
                0x08002838                DMA1_Stream0_IRQHandler
                0x08002838                CAN1_TX_IRQHandler
                0x08002838                SVC_Handler
                0x08002838                EXTI4_IRQHandler
                0x08002838                FSMC_IRQHandler
                0x08002838                ETH_IRQHandler
                0x08002838                OTG_HS_EP1_OUT_IRQHandler
                0x08002838                WWDG_IRQHandler
                0x08002838                TIM2_IRQHandler
                0x08002838                OTG_FS_WKUP_IRQHandler
                0x08002838                TIM1_TRG_COM_TIM11_IRQHandler
                0x08002838                OTG_HS_IRQHandler
                0x08002838                EXTI1_IRQHandler
                0x08002838                USART2_IRQHandler
                0x08002838                I2C2_ER_IRQHandler
                0x08002838                DMA2_Stream1_IRQHandler
                0x08002838                CAN1_SCE_IRQHandler
                0x08002838                FLASH_IRQHandler
                0x08002838                DMA2_Stream4_IRQHandler
                0x08002838                BusFault_Handler
                0x08002838                USART1_IRQHandler
                0x08002838                OTG_FS_IRQHandler
                0x08002838                SPI3_IRQHandler
                0x08002838                DMA1_Stream4_IRQHandler
                0x08002838                I2C1_ER_IRQHandler
                0x08002838                DMA2_Stream6_IRQHandler
                0x08002838                DMA1_Stream3_IRQHandler
 *fill*         0x0800283a        0x2 
 .text.__libc_init_array
                0x0800283c       0x4c c:/ac6/systemworkbench/plugins/fr.ac6.mcu.externaltools.arm-none.win32_1.7.0.201602121829/tools/compiler/bin/../lib/gcc/arm-none-eabi/5.2.1/../../../../arm-none-eabi/lib/armv7e-m/fpu\libc_nano.a(lib_a-init.o)
                0x0800283c                __libc_init_array
 *(.glue_7)
 .glue_7        0x08002888        0x0 linker stubs
 *(.glue_7t)
 .glue_7t       0x08002888        0x0 linker stubs
 *(.eh_frame)
 .eh_frame      0x08002888        0x0 c:/ac6/systemworkbench/plugins/fr.ac6.mcu.externaltools.arm-none.win32_1.7.0.201602121829/tools/compiler/bin/../lib/gcc/arm-none-eabi/5.2.1/armv7e-m/fpu/crtbegin.o
 *(.init)
 .init          0x08002888        0x4 c:/ac6/systemworkbench/plugins/fr.ac6.mcu.externaltools.arm-none.win32_1.7.0.201602121829/tools/compiler/bin/../lib/gcc/arm-none-eabi/5.2.1/armv7e-m/fpu/crti.o
                0x08002888                _init
 .init          0x0800288c        0x8 c:/ac6/systemworkbench/plugins/fr.ac6.mcu.externaltools.arm-none.win32_1.7.0.201602121829/tools/compiler/bin/../lib/gcc/arm-none-eabi/5.2.1/armv7e-m/fpu/crtn.o
 *(.fini)
 .fini          0x08002894        0x4 c:/ac6/systemworkbench/plugins/fr.ac6.mcu.externaltools.arm-none.win32_1.7.0.201602121829/tools/compiler/bin/../lib/gcc/arm-none-eabi/5.2.1/armv7e-m/fpu/crti.o
                0x08002894                _fini
 .fini          0x08002898        0x8 c:/ac6/systemworkbench/plugins/fr.ac6.mcu.externaltools.arm-none.win32_1.7.0.201602121829/tools/compiler/bin/../lib/gcc/arm-none-eabi/5.2.1/armv7e-m/fpu/crtn.o
                0x080028a0                . = ALIGN (0x4)
                0x080028a0                _etext = .

.vfp11_veneer   0x080028a0        0x0
 .vfp11_veneer  0x080028a0        0x0 linker stubs

.v4_bx          0x080028a0        0x0
 .v4_bx         0x080028a0        0x0 linker stubs

.iplt           0x080028a0        0x0
 .iplt          0x080028a0        0x0 c:/ac6/systemworkbench/plugins/fr.ac6.mcu.externaltools.arm-none.win32_1.7.0.201602121829/tools/compiler/bin/../lib/gcc/arm-none-eabi/5.2.1/armv7e-m/fpu/crtbegin.o

.rodata         0x080028a0    0x34ef0
                0x080028a0                . = ALIGN (0x4)
 *(.rodata)
 .rodata        0x080028a0        0x8 Drivers/STM32F4xx_HAL_Driver/stm32f4xx_hal_dma.o
 .rodata        0x080028a8       0x10 Drivers/STM32F4xx_HAL_Driver/stm32f4xx_hal_rcc.o
                0x080028a8                APBAHBPrescTable
 .rodata        0x080028b8    0x34ecc Application/User/arm_common_tables.o
                0x080028b8                sinTable_q15
                0x08002cbc                sinTable_q31
                0x080034c0                sinTable_f32
                0x08003cc4                twiddleCoef_rfft_4096
                0x08007cc4                twiddleCoef_rfft_2048
                0x08009cc4                twiddleCoef_rfft_1024
                0x0800acc4                twiddleCoef_rfft_512
                0x0800b4c4                twiddleCoef_rfft_256
                0x0800b8c4                twiddleCoef_rfft_128
                0x0800bac4                twiddleCoef_rfft_64
                0x0800bbc4                twiddleCoef_rfft_32
                0x0800bc44                armBitRevIndexTable_fixed_4096
                0x0800dbc4                armBitRevIndexTable_fixed_2048
                0x0800eb44                armBitRevIndexTable_fixed_1024
                0x0800f304                armBitRevIndexTable_fixed_512
                0x0800f6c4                armBitRevIndexTable_fixed_256
                0x0800f8a4                armBitRevIndexTable_fixed_128
                0x0800f984                armBitRevIndexTable_fixed_64
                0x0800f9f4                armBitRevIndexTable_fixed_32
                0x0800fa24                armBitRevIndexTable_fixed_16
                0x0800fa3c                armBitRevIndexTable4096
                0x080119bc                armBitRevIndexTable2048
                0x0801377c                armBitRevIndexTable1024
                0x0801458c                armBitRevIndexTable512
                0x0801490c                armBitRevIndexTable256
                0x08014c7c                armBitRevIndexTable128
                0x08014e1c                armBitRevIndexTable64
                0x08014e8c                armBitRevIndexTable32
                0x08014eec                armBitRevIndexTable16
                0x08014f14                armRecipTableQ31
                0x08015014                armRecipTableQ15
                0x08015094                twiddleCoef_4096_q15
                0x08018094                twiddleCoef_2048_q15
                0x08019894                twiddleCoef_1024_q15
                0x0801a494                twiddleCoef_512_q15
                0x0801aa94                twiddleCoef_256_q15
                0x0801ad94                twiddleCoef_128_q15
                0x0801af14                twiddleCoef_64_q15
                0x0801afd4                twiddleCoef_32_q15
                0x0801b034                twiddleCoef_16_q15
                0x0801b064                twiddleCoef_4096_q31
                0x08021064                twiddleCoef_2048_q31
                0x08024064                twiddleCoef_1024_q31
                0x08025864                twiddleCoef_512_q31
                0x08026464                twiddleCoef_256_q31
                0x08026a64                twiddleCoef_128_q31
                0x08026d64                twiddleCoef_64_q31
                0x08026ee4                twiddleCoef_32_q31
                0x08026fa4                twiddleCoef_16_q31
                0x08027004                twiddleCoef_4096
                0x0802f004                twiddleCoef_2048
                0x08033004                twiddleCoef_1024
                0x08035004                twiddleCoef_512
                0x08036004                twiddleCoef_256
                0x08036804                twiddleCoef_128
                0x08036c04                twiddleCoef_64
                0x08036e04                twiddleCoef_32
                0x08036f04                twiddleCoef_16
                0x08036f84                armBitRevTable
 .rodata        0x08037784        0xc Application/User/stm32f4_discovery.o
                0x08037784                GPIO_PIN
                0x0803778c                BUTTON_IRQn
                0x0803778e                BUTTON_PIN
 *(.rodata*)
                0x08037790                . = ALIGN (0x4)

.rel.dyn        0x08037790        0x0
 .rel.iplt      0x08037790        0x0 c:/ac6/systemworkbench/plugins/fr.ac6.mcu.externaltools.arm-none.win32_1.7.0.201602121829/tools/compiler/bin/../lib/gcc/arm-none-eabi/5.2.1/armv7e-m/fpu/crtbegin.o

.ARM.extab
 *(.ARM.extab* .gnu.linkonce.armextab.*)

.ARM            0x08037790        0x0
                0x08037790                __exidx_start = .
 *(.ARM.exidx*)
                0x08037790                __exidx_end = .

.preinit_array  0x08037790        0x0
                0x08037790                PROVIDE (__preinit_array_start, .)
 *(.preinit_array*)
                0x08037790                PROVIDE (__preinit_array_end, .)

.init_array     0x08037790        0x4
                0x08037790                PROVIDE (__init_array_start, .)
 *(SORT(.init_array.*))
 *(.init_array*)
 .init_array    0x08037790        0x4 c:/ac6/systemworkbench/plugins/fr.ac6.mcu.externaltools.arm-none.win32_1.7.0.201602121829/tools/compiler/bin/../lib/gcc/arm-none-eabi/5.2.1/armv7e-m/fpu/crtbegin.o
                0x08037794                PROVIDE (__init_array_end, .)

.fini_array     0x08037794        0x4
                [!provide]                PROVIDE (__fini_array_start, .)
 *(SORT(.fini_array.*))
 *(.fini_array*)
 .fini_array    0x08037794        0x4 c:/ac6/systemworkbench/plugins/fr.ac6.mcu.externaltools.arm-none.win32_1.7.0.201602121829/tools/compiler/bin/../lib/gcc/arm-none-eabi/5.2.1/armv7e-m/fpu/crtbegin.o
                [!provide]                PROVIDE (__fini_array_end, .)
                0x08037798                _sidata = LOADADDR (.data)

.data           0x20000000       0x30 load address 0x08037798
                0x20000000                . = ALIGN (0x4)
                0x20000000                _sdata = .
 *(.data)
 .data          0x20000000        0x4 Drivers/CMSIS/system_stm32f4xx.o
                0x20000000                SystemCoreClock
 .data          0x20000004        0xd Application/User/main.o
                0x20000004                firstHalfBufferIsActive
                0x20000008                aTxBuffer
 *fill*         0x20000011        0x3 
 .data          0x20000014       0x1c Application/User/stm32f4_discovery.o
                0x20000014                SpixTimeout
                0x20000018                GPIO_PORT
                0x20000028                BUTTON_PORT
                0x2000002c                I2cxTimeout
 *(.data*)
                0x20000030                . = ALIGN (0x4)
                0x20000030                _edata = .
                0x080377c8                _siccmram = LOADADDR (.ccmram)

.jcr            0x20000030        0x0 load address 0x080377c8
 .jcr           0x20000030        0x0 c:/ac6/systemworkbench/plugins/fr.ac6.mcu.externaltools.arm-none.win32_1.7.0.201602121829/tools/compiler/bin/../lib/gcc/arm-none-eabi/5.2.1/armv7e-m/fpu/crtbegin.o

.tm_clone_table
                0x20000030        0x0 load address 0x080377c8
 .tm_clone_table
                0x20000030        0x0 c:/ac6/systemworkbench/plugins/fr.ac6.mcu.externaltools.arm-none.win32_1.7.0.201602121829/tools/compiler/bin/../lib/gcc/arm-none-eabi/5.2.1/armv7e-m/fpu/crtbegin.o
 .tm_clone_table
                0x20000030        0x0 c:/ac6/systemworkbench/plugins/fr.ac6.mcu.externaltools.arm-none.win32_1.7.0.201602121829/tools/compiler/bin/../lib/gcc/arm-none-eabi/5.2.1/armv7e-m/fpu/crtend.o

.igot.plt       0x20000030        0x0 load address 0x080377c8
 .igot.plt      0x20000030        0x0 c:/ac6/systemworkbench/plugins/fr.ac6.mcu.externaltools.arm-none.win32_1.7.0.201602121829/tools/compiler/bin/../lib/gcc/arm-none-eabi/5.2.1/armv7e-m/fpu/crtbegin.o

.ccmram         0x10000000        0x0 load address 0x080377c8
                0x10000000                . = ALIGN (0x4)
                0x10000000                _sccmram = .
 *(.ccmram)
 *(.ccmram*)
                0x10000000                . = ALIGN (0x4)
                0x10000000                _eccmram = .
                0x10000000                . = ALIGN (0x4)

.bss            0x20000030     0x2c58
                0x20000030                _sbss = .
                0x20000030                __bss_start__ = _sbss
 *(.bss)
 .bss           0x20000030       0x1c c:/ac6/systemworkbench/plugins/fr.ac6.mcu.externaltools.arm-none.win32_1.7.0.201602121829/tools/compiler/bin/../lib/gcc/arm-none-eabi/5.2.1/armv7e-m/fpu/crtbegin.o
 .bss           0x2000004c        0x4 Drivers/STM32F4xx_HAL_Driver/stm32f4xx_hal.o
 .bss           0x20000050     0x2a56 Application/User/main.o
                0x20000050                lastTime
                0x20000054                bufferFirst
                0x20000ff4                bufferLast
                0x20001f94                aADCDualConvertedValue
                0x20002194                sinBuffer
                0x20002994                tick
                0x20002998                UartReady
                0x2000299c                sampleMultiplier
                0x200029a0                sampleCounter
                0x200029a4                uhDACxConvertedValue
                0x200029a6                uhADCxConvertedValue
 *(.bss*)
 *(COMMON)
 *fill*         0x20002aa6        0x2 
 COMMON         0x20002aa8      0x1e0 Application/User/main.o
                0x20002aa8                hadc2
                0x20002aec                hi2c1
                0x20002b28                hadc1
                0x20002b6c                i
                0x20002b70                hdac
                0x20002b84                hdma_adc1
                0x20002bdc                htim6
                0x20002c18                aRxBuffer
                0x20002c20                hdma_dac2
                0x20002c78                voltageStruct
                0x20002c88                . = ALIGN (0x4)
                0x20002c88                _ebss = .
                0x20002c88                __bss_end__ = _ebss

._user_heap_stack
                0x20002c88      0x600
                0x20002c88                . = ALIGN (0x8)
                [!provide]                PROVIDE (end, .)
                [!provide]                PROVIDE (_end, .)
                0x20002e88                . = (. + _Min_Heap_Size)
 *fill*         0x20002c88      0x200 
                0x20003288                . = (. + _Min_Stack_Size)
 *fill*         0x20002e88      0x400 
                0x20003288                . = ALIGN (0x8)

/DISCARD/
 libc.a(*)
 libm.a(*)
 libgcc.a(*)

.ARM.attributes
                0x00000000       0x30
 *(.ARM.attributes)
 .ARM.attributes
                0x00000000       0x22 c:/ac6/systemworkbench/plugins/fr.ac6.mcu.externaltools.arm-none.win32_1.7.0.201602121829/tools/compiler/bin/../lib/gcc/arm-none-eabi/5.2.1/armv7e-m/fpu/crti.o
 .ARM.attributes
                0x00000022       0x34 c:/ac6/systemworkbench/plugins/fr.ac6.mcu.externaltools.arm-none.win32_1.7.0.201602121829/tools/compiler/bin/../lib/gcc/arm-none-eabi/5.2.1/armv7e-m/fpu/crtbegin.o
 .ARM.attributes
                0x00000056       0x39 stm32f4xx_hal_tim.o
 .ARM.attributes
                0x0000008f       0x39 Drivers/STM32F4xx_HAL_Driver/stm32f4xx_hal.o
 .ARM.attributes
                0x000000c8       0x39 Drivers/STM32F4xx_HAL_Driver/stm32f4xx_hal_adc.o
 .ARM.attributes
                0x00000101       0x39 Drivers/STM32F4xx_HAL_Driver/stm32f4xx_hal_adc_ex.o
 .ARM.attributes
                0x0000013a       0x39 Drivers/STM32F4xx_HAL_Driver/stm32f4xx_hal_cortex.o
 .ARM.attributes
                0x00000173       0x39 Drivers/STM32F4xx_HAL_Driver/stm32f4xx_hal_dac.o
 .ARM.attributes
                0x000001ac       0x39 Drivers/STM32F4xx_HAL_Driver/stm32f4xx_hal_dac_ex.o
 .ARM.attributes
                0x000001e5       0x39 Drivers/STM32F4xx_HAL_Driver/stm32f4xx_hal_dma.o
 .ARM.attributes
                0x0000021e       0x39 Drivers/STM32F4xx_HAL_Driver/stm32f4xx_hal_gpio.o
 .ARM.attributes
                0x00000257       0x39 Drivers/STM32F4xx_HAL_Driver/stm32f4xx_hal_rcc.o
 .ARM.attributes
                0x00000290       0x39 Drivers/CMSIS/system_stm32f4xx.o
 .ARM.attributes
                0x000002c9       0x39 Application/User/arm_common_tables.o
 .ARM.attributes
                0x00000302       0x39 Application/User/arm_cos_f32.o
 .ARM.attributes
                0x0000033b       0x39 Application/User/arm_sin_f32.o
 .ARM.attributes
                0x00000374       0x39 Application/User/main.o
 .ARM.attributes
                0x000003ad       0x39 Application/User/stm32f4_discovery.o
 .ARM.attributes
                0x000003e6       0x39 Application/User/stm32f4xx_hal_i2c.o
 .ARM.attributes
                0x0000041f       0x39 Application/User/stm32f4xx_hal_msp.o
 .ARM.attributes
                0x00000458       0x39 Application/User/stm32f4xx_hal_tim_ex.o
 .ARM.attributes
                0x00000491       0x39 Application/User/stm32f4xx_it.o
 .ARM.attributes
                0x000004ca       0x21 Application/SW4STM32/startup_stm32f407xx.o
 .ARM.attributes
                0x000004eb       0x22 c:/ac6/systemworkbench/plugins/fr.ac6.mcu.externaltools.arm-none.win32_1.7.0.201602121829/tools/compiler/bin/../lib/gcc/arm-none-eabi/5.2.1/armv7e-m/fpu\libgcc.a(_arm_addsubdf3.o)
 .ARM.attributes
                0x0000050d       0x22 c:/ac6/systemworkbench/plugins/fr.ac6.mcu.externaltools.arm-none.win32_1.7.0.201602121829/tools/compiler/bin/../lib/gcc/arm-none-eabi/5.2.1/armv7e-m/fpu\libgcc.a(_arm_muldivdf3.o)
 .ARM.attributes
                0x0000052f       0x22 c:/ac6/systemworkbench/plugins/fr.ac6.mcu.externaltools.arm-none.win32_1.7.0.201602121829/tools/compiler/bin/../lib/gcc/arm-none-eabi/5.2.1/armv7e-m/fpu\libgcc.a(_arm_fixunsdfsi.o)
 .ARM.attributes
                0x00000551       0x22 c:/ac6/systemworkbench/plugins/fr.ac6.mcu.externaltools.arm-none.win32_1.7.0.201602121829/tools/compiler/bin/../lib/gcc/arm-none-eabi/5.2.1/armv7e-m/fpu\libgcc.a(_arm_truncdfsf2.o)
 .ARM.attributes
                0x00000573       0x34 c:/ac6/systemworkbench/plugins/fr.ac6.mcu.externaltools.arm-none.win32_1.7.0.201602121829/tools/compiler/bin/../lib/gcc/arm-none-eabi/5.2.1/../../../../arm-none-eabi/lib/armv7e-m/fpu\libc_nano.a(lib_a-init.o)
 .ARM.attributes
                0x000005a7       0x34 c:/ac6/systemworkbench/plugins/fr.ac6.mcu.externaltools.arm-none.win32_1.7.0.201602121829/tools/compiler/bin/../lib/gcc/arm-none-eabi/5.2.1/armv7e-m/fpu/crtend.o
 .ARM.attributes
                0x000005db       0x22 c:/ac6/systemworkbench/plugins/fr.ac6.mcu.externaltools.arm-none.win32_1.7.0.201602121829/tools/compiler/bin/../lib/gcc/arm-none-eabi/5.2.1/armv7e-m/fpu/crtn.o
OUTPUT(stm32f4DualADCtoSerial Configuration.elf elf32-littlearm)

.debug_info     0x00000000    0x1249d
 .debug_info    0x00000000     0x2eaf stm32f4xx_hal_tim.o
 .debug_info    0x00002eaf      0x8ea Drivers/STM32F4xx_HAL_Driver/stm32f4xx_hal.o
 .debug_info    0x00003799      0xd0c Drivers/STM32F4xx_HAL_Driver/stm32f4xx_hal_adc.o
 .debug_info    0x000044a5      0xb58 Drivers/STM32F4xx_HAL_Driver/stm32f4xx_hal_adc_ex.o
 .debug_info    0x00004ffd      0xe6a Drivers/STM32F4xx_HAL_Driver/stm32f4xx_hal_cortex.o
 .debug_info    0x00005e67      0x991 Drivers/STM32F4xx_HAL_Driver/stm32f4xx_hal_dac.o
 .debug_info    0x000067f8      0x6e6 Drivers/STM32F4xx_HAL_Driver/stm32f4xx_hal_dac_ex.o
 .debug_info    0x00006ede      0x80c Drivers/STM32F4xx_HAL_Driver/stm32f4xx_hal_dma.o
 .debug_info    0x000076ea      0x721 Drivers/STM32F4xx_HAL_Driver/stm32f4xx_hal_gpio.o
 .debug_info    0x00007e0b      0xcec Drivers/STM32F4xx_HAL_Driver/stm32f4xx_hal_rcc.o
 .debug_info    0x00008af7      0x4b0 Drivers/CMSIS/system_stm32f4xx.o
 .debug_info    0x00008fa7      0x962 Application/User/arm_common_tables.o
 .debug_info    0x00009909      0x172 Application/User/arm_cos_f32.o
 .debug_info    0x00009a7b      0x172 Application/User/arm_sin_f32.o
 .debug_info    0x00009bed     0x1f87 Application/User/main.o
 .debug_info    0x0000bb74     0x1970 Application/User/stm32f4_discovery.o
 .debug_info    0x0000d4e4     0x27a3 Application/User/stm32f4xx_hal_i2c.o
 .debug_info    0x0000fc87     0x13d2 Application/User/stm32f4xx_hal_msp.o
 .debug_info    0x00011059      0xf75 Application/User/stm32f4xx_hal_tim_ex.o
 .debug_info    0x00011fce      0x3b7 Application/User/stm32f4xx_it.o
 .debug_info    0x00012385      0x118 Application/SW4STM32/startup_stm32f407xx.o

.debug_abbrev   0x00000000     0x2bff
 .debug_abbrev  0x00000000      0x325 stm32f4xx_hal_tim.o
 .debug_abbrev  0x00000325      0x234 Drivers/STM32F4xx_HAL_Driver/stm32f4xx_hal.o
 .debug_abbrev  0x00000559      0x2a4 Drivers/STM32F4xx_HAL_Driver/stm32f4xx_hal_adc.o
 .debug_abbrev  0x000007fd      0x24a Drivers/STM32F4xx_HAL_Driver/stm32f4xx_hal_adc_ex.o
 .debug_abbrev  0x00000a47      0x332 Drivers/STM32F4xx_HAL_Driver/stm32f4xx_hal_cortex.o
 .debug_abbrev  0x00000d79      0x252 Drivers/STM32F4xx_HAL_Driver/stm32f4xx_hal_dac.o
 .debug_abbrev  0x00000fcb      0x1e5 Drivers/STM32F4xx_HAL_Driver/stm32f4xx_hal_dac_ex.o
 .debug_abbrev  0x000011b0      0x273 Drivers/STM32F4xx_HAL_Driver/stm32f4xx_hal_dma.o
 .debug_abbrev  0x00001423      0x1cb Drivers/STM32F4xx_HAL_Driver/stm32f4xx_hal_gpio.o
 .debug_abbrev  0x000015ee      0x2ff Drivers/STM32F4xx_HAL_Driver/stm32f4xx_hal_rcc.o
 .debug_abbrev  0x000018ed      0x104 Drivers/CMSIS/system_stm32f4xx.o
 .debug_abbrev  0x000019f1       0x85 Application/User/arm_common_tables.o
 .debug_abbrev  0x00001a76       0xe1 Application/User/arm_cos_f32.o
 .debug_abbrev  0x00001b57       0xe1 Application/User/arm_sin_f32.o
 .debug_abbrev  0x00001c38      0x38c Application/User/main.o
 .debug_abbrev  0x00001fc4      0x372 Application/User/stm32f4_discovery.o
 .debug_abbrev  0x00002336      0x2bc Application/User/stm32f4xx_hal_i2c.o
 .debug_abbrev  0x000025f2      0x235 Application/User/stm32f4xx_hal_msp.o
 .debug_abbrev  0x00002827      0x273 Application/User/stm32f4xx_hal_tim_ex.o
 .debug_abbrev  0x00002a9a      0x153 Application/User/stm32f4xx_it.o
 .debug_abbrev  0x00002bed       0x12 Application/SW4STM32/startup_stm32f407xx.o

.debug_loc      0x00000000     0x94f8
 .debug_loc     0x00000000     0x3146 stm32f4xx_hal_tim.o
 .debug_loc     0x00003146       0x84 Drivers/STM32F4xx_HAL_Driver/stm32f4xx_hal.o
 .debug_loc     0x000031ca      0x688 Drivers/STM32F4xx_HAL_Driver/stm32f4xx_hal_adc.o
 .debug_loc     0x00003852      0x574 Drivers/STM32F4xx_HAL_Driver/stm32f4xx_hal_adc_ex.o
 .debug_loc     0x00003dc6      0x4ab Drivers/STM32F4xx_HAL_Driver/stm32f4xx_hal_cortex.o
 .debug_loc     0x00004271      0x691 Drivers/STM32F4xx_HAL_Driver/stm32f4xx_hal_dac.o
 .debug_loc     0x00004902      0x25b Drivers/STM32F4xx_HAL_Driver/stm32f4xx_hal_dac_ex.o
 .debug_loc     0x00004b5d      0x4e2 Drivers/STM32F4xx_HAL_Driver/stm32f4xx_hal_dma.o
 .debug_loc     0x0000503f      0x374 Drivers/STM32F4xx_HAL_Driver/stm32f4xx_hal_gpio.o
 .debug_loc     0x000053b3      0x616 Drivers/STM32F4xx_HAL_Driver/stm32f4xx_hal_rcc.o
 .debug_loc     0x000059c9       0xd7 Drivers/CMSIS/system_stm32f4xx.o
 .debug_loc     0x00005aa0       0x94 Application/User/arm_cos_f32.o
 .debug_loc     0x00005b34      0x102 Application/User/arm_sin_f32.o
 .debug_loc     0x00005c36      0x1c3 Application/User/main.o
 .debug_loc     0x00005df9      0x3e7 Application/User/stm32f4_discovery.o
 .debug_loc     0x000061e0     0x2a12 Application/User/stm32f4xx_hal_i2c.o
 .debug_loc     0x00008bf2      0x14d Application/User/stm32f4xx_hal_msp.o
 .debug_loc     0x00008d3f      0x7b9 Application/User/stm32f4xx_hal_tim_ex.o

.debug_aranges  0x00000000      0xb90
 .debug_aranges
                0x00000000      0x250 stm32f4xx_hal_tim.o
 .debug_aranges
                0x00000250       0xb8 Drivers/STM32F4xx_HAL_Driver/stm32f4xx_hal.o
 .debug_aranges
                0x00000308       0xb8 Drivers/STM32F4xx_HAL_Driver/stm32f4xx_hal_adc.o
 .debug_aranges
                0x000003c0       0x90 Drivers/STM32F4xx_HAL_Driver/stm32f4xx_hal_adc_ex.o
 .debug_aranges
                0x00000450       0x98 Drivers/STM32F4xx_HAL_Driver/stm32f4xx_hal_cortex.o
 .debug_aranges
                0x000004e8       0x98 Drivers/STM32F4xx_HAL_Driver/stm32f4xx_hal_dac.o
 .debug_aranges
                0x00000580       0x58 Drivers/STM32F4xx_HAL_Driver/stm32f4xx_hal_dac_ex.o
 .debug_aranges
                0x000005d8       0x68 Drivers/STM32F4xx_HAL_Driver/stm32f4xx_hal_dma.o
 .debug_aranges
                0x00000640       0x58 Drivers/STM32F4xx_HAL_Driver/stm32f4xx_hal_gpio.o
 .debug_aranges
                0x00000698       0x80 Drivers/STM32F4xx_HAL_Driver/stm32f4xx_hal_rcc.o
 .debug_aranges
                0x00000718       0x28 Drivers/CMSIS/system_stm32f4xx.o
 .debug_aranges
                0x00000740       0x18 Application/User/arm_common_tables.o
 .debug_aranges
                0x00000758       0x20 Application/User/arm_cos_f32.o
 .debug_aranges
                0x00000778       0x20 Application/User/arm_sin_f32.o
 .debug_aranges
                0x00000798       0x58 Application/User/main.o
 .debug_aranges
                0x000007f0       0xa8 Application/User/stm32f4_discovery.o
 .debug_aranges
                0x00000898      0x150 Application/User/stm32f4xx_hal_i2c.o
 .debug_aranges
                0x000009e8       0x60 Application/User/stm32f4xx_hal_msp.o
 .debug_aranges
                0x00000a48       0xf0 Application/User/stm32f4xx_hal_tim_ex.o
 .debug_aranges
                0x00000b38       0x30 Application/User/stm32f4xx_it.o
 .debug_aranges
                0x00000b68       0x28 Application/SW4STM32/startup_stm32f407xx.o

.debug_ranges   0x00000000      0xf80
 .debug_ranges  0x00000000      0x330 stm32f4xx_hal_tim.o
 .debug_ranges  0x00000330       0xa8 Drivers/STM32F4xx_HAL_Driver/stm32f4xx_hal.o
 .debug_ranges  0x000003d8       0xa8 Drivers/STM32F4xx_HAL_Driver/stm32f4xx_hal_adc.o
 .debug_ranges  0x00000480       0x80 Drivers/STM32F4xx_HAL_Driver/stm32f4xx_hal_adc_ex.o
 .debug_ranges  0x00000500      0x148 Drivers/STM32F4xx_HAL_Driver/stm32f4xx_hal_cortex.o
 .debug_ranges  0x00000648       0x88 Drivers/STM32F4xx_HAL_Driver/stm32f4xx_hal_dac.o
 .debug_ranges  0x000006d0       0x48 Drivers/STM32F4xx_HAL_Driver/stm32f4xx_hal_dac_ex.o
 .debug_ranges  0x00000718       0x58 Drivers/STM32F4xx_HAL_Driver/stm32f4xx_hal_dma.o
 .debug_ranges  0x00000770       0x70 Drivers/STM32F4xx_HAL_Driver/stm32f4xx_hal_gpio.o
 .debug_ranges  0x000007e0      0x150 Drivers/STM32F4xx_HAL_Driver/stm32f4xx_hal_rcc.o
 .debug_ranges  0x00000930       0x18 Drivers/CMSIS/system_stm32f4xx.o
 .debug_ranges  0x00000948       0x10 Application/User/arm_cos_f32.o
 .debug_ranges  0x00000958       0x10 Application/User/arm_sin_f32.o
 .debug_ranges  0x00000968      0x168 Application/User/main.o
 .debug_ranges  0x00000ad0      0x1a0 Application/User/stm32f4_discovery.o
 .debug_ranges  0x00000c70      0x140 Application/User/stm32f4xx_hal_i2c.o
 .debug_ranges  0x00000db0       0xb0 Application/User/stm32f4xx_hal_msp.o
 .debug_ranges  0x00000e60       0xe0 Application/User/stm32f4xx_hal_tim_ex.o
 .debug_ranges  0x00000f40       0x20 Application/User/stm32f4xx_it.o
 .debug_ranges  0x00000f60       0x20 Application/SW4STM32/startup_stm32f407xx.o

.debug_macro    0x00000000    0x167dd
 .debug_macro   0x00000000      0x326 stm32f4xx_hal_tim.o
 .debug_macro   0x00000326      0x8aa stm32f4xx_hal_tim.o
 .debug_macro   0x00000bd0      0x1b4 stm32f4xx_hal_tim.o
 .debug_macro   0x00000d84       0x2e stm32f4xx_hal_tim.o
 .debug_macro   0x00000db2       0x28 stm32f4xx_hal_tim.o
 .debug_macro   0x00000dda       0x22 stm32f4xx_hal_tim.o
 .debug_macro   0x00000dfc       0x44 stm32f4xx_hal_tim.o
 .debug_macro   0x00000e40       0xfd stm32f4xx_hal_tim.o
 .debug_macro   0x00000f3d       0x22 stm32f4xx_hal_tim.o
 .debug_macro   0x00000f5f      0x1df stm32f4xx_hal_tim.o
 .debug_macro   0x0000113e       0x35 stm32f4xx_hal_tim.o
 .debug_macro   0x00001173       0x50 stm32f4xx_hal_tim.o
 .debug_macro   0x000011c3      0xe66 stm32f4xx_hal_tim.o
 .debug_macro   0x00002029     0x929b stm32f4xx_hal_tim.o
 .debug_macro   0x0000b2c4       0x43 stm32f4xx_hal_tim.o
 .debug_macro   0x0000b307     0x32ff stm32f4xx_hal_tim.o
 .debug_macro   0x0000e606       0x58 stm32f4xx_hal_tim.o
 .debug_macro   0x0000e65e       0x35 stm32f4xx_hal_tim.o
 .debug_macro   0x0000e693       0x9c stm32f4xx_hal_tim.o
 .debug_macro   0x0000e72f       0x16 stm32f4xx_hal_tim.o
 .debug_macro   0x0000e745       0x97 stm32f4xx_hal_tim.o
 .debug_macro   0x0000e7dc      0x329 stm32f4xx_hal_tim.o
 .debug_macro   0x0000eb05       0xfd stm32f4xx_hal_tim.o
 .debug_macro   0x0000ec02       0x10 stm32f4xx_hal_tim.o
 .debug_macro   0x0000ec12       0x52 stm32f4xx_hal_tim.o
 .debug_macro   0x0000ec64       0x16 stm32f4xx_hal_tim.o
 .debug_macro   0x0000ec7a       0x43 stm32f4xx_hal_tim.o
 .debug_macro   0x0000ecbd      0x187 stm32f4xx_hal_tim.o
 .debug_macro   0x0000ee44       0x10 stm32f4xx_hal_tim.o
 .debug_macro   0x0000ee54       0x22 stm32f4xx_hal_tim.o
 .debug_macro   0x0000ee76       0x3a stm32f4xx_hal_tim.o
 .debug_macro   0x0000eeb0       0x10 stm32f4xx_hal_tim.o
 .debug_macro   0x0000eec0       0x40 stm32f4xx_hal_tim.o
 .debug_macro   0x0000ef00       0x65 stm32f4xx_hal_tim.o
 .debug_macro   0x0000ef65       0x16 stm32f4xx_hal_tim.o
 .debug_macro   0x0000ef7b      0x197 stm32f4xx_hal_tim.o
 .debug_macro   0x0000f112       0x50 stm32f4xx_hal_tim.o
 .debug_macro   0x0000f162      0x964 stm32f4xx_hal_tim.o
 .debug_macro   0x0000fac6      0x9d4 stm32f4xx_hal_tim.o
 .debug_macro   0x0001049a      0x11e stm32f4xx_hal_tim.o
 .debug_macro   0x000105b8      0x13e stm32f4xx_hal_tim.o
 .debug_macro   0x000106f6       0x27 stm32f4xx_hal_tim.o
 .debug_macro   0x0001071d      0x272 stm32f4xx_hal_tim.o
 .debug_macro   0x0001098f       0x5f stm32f4xx_hal_tim.o
 .debug_macro   0x000109ee      0x23a stm32f4xx_hal_tim.o
 .debug_macro   0x00010c28      0x31a stm32f4xx_hal_tim.o
 .debug_macro   0x00010f42      0x162 stm32f4xx_hal_tim.o
 .debug_macro   0x000110a4       0xd6 stm32f4xx_hal_tim.o
 .debug_macro   0x0001117a       0xe6 stm32f4xx_hal_tim.o
 .debug_macro   0x00011260       0xa1 stm32f4xx_hal_tim.o
 .debug_macro   0x00011301       0x3c stm32f4xx_hal_tim.o
 .debug_macro   0x0001133d      0x13a stm32f4xx_hal_tim.o
 .debug_macro   0x00011477      0x21e stm32f4xx_hal_tim.o
 .debug_macro   0x00011695       0x2e stm32f4xx_hal_tim.o
 .debug_macro   0x000116c3      0x17d stm32f4xx_hal_tim.o
 .debug_macro   0x00011840       0x9e stm32f4xx_hal_tim.o
 .debug_macro   0x000118de      0x11e stm32f4xx_hal_tim.o
 .debug_macro   0x000119fc       0x7f stm32f4xx_hal_tim.o
 .debug_macro   0x00011a7b       0x89 stm32f4xx_hal_tim.o
 .debug_macro   0x00011b04      0x202 stm32f4xx_hal_tim.o
 .debug_macro   0x00011d06      0x6d9 stm32f4xx_hal_tim.o
 .debug_macro   0x000123df       0x59 stm32f4xx_hal_tim.o
 .debug_macro   0x00012438      0x14d stm32f4xx_hal_tim.o
 .debug_macro   0x00012585      0x125 stm32f4xx_hal_tim.o
 .debug_macro   0x000126aa      0x373 Drivers/STM32F4xx_HAL_Driver/stm32f4xx_hal.o
 .debug_macro   0x00012a1d      0x326 Drivers/STM32F4xx_HAL_Driver/stm32f4xx_hal_adc.o
 .debug_macro   0x00012d43      0x325 Drivers/STM32F4xx_HAL_Driver/stm32f4xx_hal_adc_ex.o
 .debug_macro   0x00013068      0x325 Drivers/STM32F4xx_HAL_Driver/stm32f4xx_hal_cortex.o
 .debug_macro   0x0001338d      0x326 Drivers/STM32F4xx_HAL_Driver/stm32f4xx_hal_dac.o
 .debug_macro   0x000136b3      0x325 Drivers/STM32F4xx_HAL_Driver/stm32f4xx_hal_dac_ex.o
 .debug_macro   0x000139d8      0x32c Drivers/STM32F4xx_HAL_Driver/stm32f4xx_hal_dma.o
 .debug_macro   0x00013d04      0x35d Drivers/STM32F4xx_HAL_Driver/stm32f4xx_hal_gpio.o
 .debug_macro   0x00014061      0x34f Drivers/STM32F4xx_HAL_Driver/stm32f4xx_hal_rcc.o
 .debug_macro   0x000143b0      0x32b Drivers/CMSIS/system_stm32f4xx.o
 .debug_macro   0x000146db      0x173 Application/User/arm_common_tables.o
 .debug_macro   0x0001484e       0x12 Application/User/arm_common_tables.o
 .debug_macro   0x00014860      0x174 Application/User/arm_common_tables.o
 .debug_macro   0x000149d4       0x10 Application/User/arm_common_tables.o
 .debug_macro   0x000149e4       0x35 Application/User/arm_common_tables.o
 .debug_macro   0x00014a19      0x1e1 Application/User/arm_common_tables.o
 .debug_macro   0x00014bfa       0xd6 Application/User/arm_common_tables.o
 .debug_macro   0x00014cd0       0x76 Application/User/arm_common_tables.o
 .debug_macro   0x00014d46      0x173 Application/User/arm_cos_f32.o
 .debug_macro   0x00014eb9      0x173 Application/User/arm_sin_f32.o
 .debug_macro   0x0001502c      0x39d Application/User/main.o
 .debug_macro   0x000153c9      0x1e8 Application/User/main.o
 .debug_macro   0x000155b1       0x2e Application/User/main.o
 .debug_macro   0x000155df       0x16 Application/User/main.o
 .debug_macro   0x000155f5      0x352 Application/User/stm32f4_discovery.o
 .debug_macro   0x00015947      0x1e2 Application/User/stm32f4_discovery.o
 .debug_macro   0x00015b29      0x33b Application/User/stm32f4xx_hal_i2c.o
 .debug_macro   0x00015e64      0x325 Application/User/stm32f4xx_hal_msp.o
 .debug_macro   0x00016189      0x325 Application/User/stm32f4xx_hal_tim_ex.o
 .debug_macro   0x000164ae      0x32f Application/User/stm32f4xx_it.o

.debug_line     0x00000000     0xdae7
 .debug_line    0x00000000     0x16ec stm32f4xx_hal_tim.o
 .debug_line    0x000016ec      0xa15 Drivers/STM32F4xx_HAL_Driver/stm32f4xx_hal.o
 .debug_line    0x00002101      0xcb4 Drivers/STM32F4xx_HAL_Driver/stm32f4xx_hal_adc.o
 .debug_line    0x00002db5      0xb7b Drivers/STM32F4xx_HAL_Driver/stm32f4xx_hal_adc_ex.o
 .debug_line    0x00003930      0xa8a Drivers/STM32F4xx_HAL_Driver/stm32f4xx_hal_cortex.o
 .debug_line    0x000043ba      0xad3 Drivers/STM32F4xx_HAL_Driver/stm32f4xx_hal_dac.o
 .debug_line    0x00004e8d      0x987 Drivers/STM32F4xx_HAL_Driver/stm32f4xx_hal_dac_ex.o
 .debug_line    0x00005814      0xaf1 Drivers/STM32F4xx_HAL_Driver/stm32f4xx_hal_dma.o
 .debug_line    0x00006305      0xa66 Drivers/STM32F4xx_HAL_Driver/stm32f4xx_hal_gpio.o
 .debug_line    0x00006d6b      0xbd9 Drivers/STM32F4xx_HAL_Driver/stm32f4xx_hal_rcc.o
 .debug_line    0x00007944      0x8e6 Drivers/CMSIS/system_stm32f4xx.o
 .debug_line    0x0000822a      0x45e Application/User/arm_common_tables.o
 .debug_line    0x00008688      0x484 Application/User/arm_cos_f32.o
 .debug_line    0x00008b0c      0x485 Application/User/arm_sin_f32.o
 .debug_line    0x00008f91      0xb04 Application/User/main.o
 .debug_line    0x00009a95      0xb06 Application/User/stm32f4_discovery.o
 .debug_line    0x0000a59b     0x1597 Application/User/stm32f4xx_hal_i2c.o
 .debug_line    0x0000bb32      0x996 Application/User/stm32f4xx_hal_msp.o
 .debug_line    0x0000c4c8      0xc85 Application/User/stm32f4xx_hal_tim_ex.o
 .debug_line    0x0000d14d      0x8b6 Application/User/stm32f4xx_it.o
 .debug_line    0x0000da03       0xe4 Application/SW4STM32/startup_stm32f407xx.o

.debug_str      0x00000000    0x855d8
 .debug_str     0x00000000    0x7f4bb stm32f4xx_hal_tim.o
                              0x7f870 (size before relaxing)
 .debug_str     0x0007f4bb      0xab3 Drivers/STM32F4xx_HAL_Driver/stm32f4xx_hal.o
                              0x7f469 (size before relaxing)
 .debug_str     0x0007ff6e      0x45b Drivers/STM32F4xx_HAL_Driver/stm32f4xx_hal_adc.o
                              0x7f163 (size before relaxing)
 .debug_str     0x000803c9      0x34b Drivers/STM32F4xx_HAL_Driver/stm32f4xx_hal_adc_ex.o
                              0x7f22b (size before relaxing)
 .debug_str     0x00080714      0x3ad Drivers/STM32F4xx_HAL_Driver/stm32f4xx_hal_cortex.o
                              0x7f2d9 (size before relaxing)
 .debug_str     0x00080ac1      0x2ff Drivers/STM32F4xx_HAL_Driver/stm32f4xx_hal_dac.o
                              0x7ee9b (size before relaxing)
 .debug_str     0x00080dc0      0x123 Drivers/STM32F4xx_HAL_Driver/stm32f4xx_hal_dac_ex.o
                              0x7eda7 (size before relaxing)
 .debug_str     0x00080ee3      0x1da Drivers/STM32F4xx_HAL_Driver/stm32f4xx_hal_dma.o
                              0x7ed7a (size before relaxing)
 .debug_str     0x000810bd      0x303 Drivers/STM32F4xx_HAL_Driver/stm32f4xx_hal_gpio.o
                              0x7ecf6 (size before relaxing)
 .debug_str     0x000813c0      0x3b4 Drivers/STM32F4xx_HAL_Driver/stm32f4xx_hal_rcc.o
                              0x7ee8c (size before relaxing)
 .debug_str     0x00081774       0xbf Drivers/CMSIS/system_stm32f4xx.o
                              0x7eaa7 (size before relaxing)
 .debug_str     0x00081833     0x1921 Application/User/arm_common_tables.o
                               0x7aa6 (size before relaxing)
 .debug_str     0x00083154       0x99 Application/User/arm_cos_f32.o
                               0x75e4 (size before relaxing)
 .debug_str     0x000831ed       0x8c Application/User/arm_sin_f32.o
                               0x75e4 (size before relaxing)
 .debug_str     0x00083279     0x1283 Application/User/main.o
                              0x821c0 (size before relaxing)
 .debug_str     0x000844fc      0x64c Application/User/stm32f4_discovery.o
                              0x8070d (size before relaxing)
 .debug_str     0x00084b48      0x517 Application/User/stm32f4xx_hal_i2c.o
                              0x7f2f3 (size before relaxing)
 .debug_str     0x0008505f       0xf9 Application/User/stm32f4xx_hal_msp.o
                              0x7fa30 (size before relaxing)
 .debug_str     0x00085158      0x3e2 Application/User/stm32f4xx_hal_tim_ex.o
                              0x7f2bf (size before relaxing)
 .debug_str     0x0008553a       0x9e Application/User/stm32f4xx_it.o
                              0x7ebec (size before relaxing)

.comment        0x00000000       0x6e
 .comment       0x00000000       0x6e stm32f4xx_hal_tim.o
                                 0x6f (size before relaxing)
 .comment       0x0000006e       0x6f Drivers/STM32F4xx_HAL_Driver/stm32f4xx_hal.o
 .comment       0x0000006e       0x6f Drivers/STM32F4xx_HAL_Driver/stm32f4xx_hal_adc.o
 .comment       0x0000006e       0x6f Drivers/STM32F4xx_HAL_Driver/stm32f4xx_hal_adc_ex.o
 .comment       0x0000006e       0x6f Drivers/STM32F4xx_HAL_Driver/stm32f4xx_hal_cortex.o
 .comment       0x0000006e       0x6f Drivers/STM32F4xx_HAL_Driver/stm32f4xx_hal_dac.o
 .comment       0x0000006e       0x6f Drivers/STM32F4xx_HAL_Driver/stm32f4xx_hal_dac_ex.o
 .comment       0x0000006e       0x6f Drivers/STM32F4xx_HAL_Driver/stm32f4xx_hal_dma.o
 .comment       0x0000006e       0x6f Drivers/STM32F4xx_HAL_Driver/stm32f4xx_hal_gpio.o
 .comment       0x0000006e       0x6f Drivers/STM32F4xx_HAL_Driver/stm32f4xx_hal_rcc.o
 .comment       0x0000006e       0x6f Drivers/CMSIS/system_stm32f4xx.o
 .comment       0x0000006e       0x6f Application/User/arm_common_tables.o
 .comment       0x0000006e       0x6f Application/User/arm_cos_f32.o
 .comment       0x0000006e       0x6f Application/User/arm_sin_f32.o
 .comment       0x0000006e       0x6f Application/User/main.o
 .comment       0x0000006e       0x6f Application/User/stm32f4_discovery.o
 .comment       0x0000006e       0x6f Application/User/stm32f4xx_hal_i2c.o
 .comment       0x0000006e       0x6f Application/User/stm32f4xx_hal_msp.o
 .comment       0x0000006e       0x6f Application/User/stm32f4xx_hal_tim_ex.o
 .comment       0x0000006e       0x6f Application/User/stm32f4xx_it.o

.debug_frame    0x00000000     0x223c
 .debug_frame   0x00000000      0x854 stm32f4xx_hal_tim.o
 .debug_frame   0x00000854      0x184 Drivers/STM32F4xx_HAL_Driver/stm32f4xx_hal.o
 .debug_frame   0x000009d8      0x230 Drivers/STM32F4xx_HAL_Driver/stm32f4xx_hal_adc.o
 .debug_frame   0x00000c08      0x160 Drivers/STM32F4xx_HAL_Driver/stm32f4xx_hal_adc_ex.o
 .debug_frame   0x00000d68      0x130 Drivers/STM32F4xx_HAL_Driver/stm32f4xx_hal_cortex.o
 .debug_frame   0x00000e98      0x1d8 Drivers/STM32F4xx_HAL_Driver/stm32f4xx_hal_dac.o
 .debug_frame   0x00001070       0xf0 Drivers/STM32F4xx_HAL_Driver/stm32f4xx_hal_dac_ex.o
 .debug_frame   0x00001160      0x120 Drivers/STM32F4xx_HAL_Driver/stm32f4xx_hal_dma.o
 .debug_frame   0x00001280       0xd4 Drivers/STM32F4xx_HAL_Driver/stm32f4xx_hal_gpio.o
 .debug_frame   0x00001354      0x150 Drivers/STM32F4xx_HAL_Driver/stm32f4xx_hal_rcc.o
 .debug_frame   0x000014a4       0x30 Drivers/CMSIS/system_stm32f4xx.o
 .debug_frame   0x000014d4       0x20 Application/User/arm_cos_f32.o
 .debug_frame   0x000014f4       0x20 Application/User/arm_sin_f32.o
 .debug_frame   0x00001514       0xe8 Application/User/main.o
 .debug_frame   0x000015fc      0x1fc Application/User/stm32f4_discovery.o
 .debug_frame   0x000017f8      0x58c Application/User/stm32f4xx_hal_i2c.o
 .debug_frame   0x00001d84      0x10c Application/User/stm32f4xx_hal_msp.o
 .debug_frame   0x00001e90      0x334 Application/User/stm32f4xx_hal_tim_ex.o
 .debug_frame   0x000021c4       0x4c Application/User/stm32f4xx_it.o
 .debug_frame   0x00002210       0x2c c:/ac6/systemworkbench/plugins/fr.ac6.mcu.externaltools.arm-none.win32_1.7.0.201602121829/tools/compiler/bin/../lib/gcc/arm-none-eabi/5.2.1/../../../../arm-none-eabi/lib/armv7e-m/fpu\libc_nano.a(lib_a-init.o)
